[INFO] Scanning for projects...
[INFO] 
[INFO] ------------< org.springframework.samples:spring-petclinic >------------
[INFO] Building petclinic 4.0.0-SNAPSHOT
[INFO]   from pom.xml
[INFO] --------------------------------[ jar ]---------------------------------
[INFO] 
[INFO] --- enforcer:3.6.2:enforce (enforce-java) @ spring-petclinic ---
[INFO] Rule 0: org.apache.maven.enforcer.rules.version.RequireJavaVersion passed
[INFO] 
[INFO] --- spring-javaformat:0.0.47:validate (default) @ spring-petclinic ---
[INFO] 
[INFO] --- checkstyle:3.6.0:check (nohttp-checkstyle-validation) @ spring-petclinic ---
[INFO] You have 0 Checkstyle violations.
[INFO] 
[INFO] --- jacoco:0.8.14:prepare-agent (default) @ spring-petclinic ---
[INFO] argLine set to -javaagent:/home/ubuntu/.m2/repository/org/jacoco/org.jacoco.agent/0.8.14/org.jacoco.agent-0.8.14-runtime.jar=destfile=/home/ubuntu/repos/spring-petclinic/target/jacoco.exec
[INFO] 
[INFO] --- git-commit-id:9.0.2:revision (default) @ spring-petclinic ---
[INFO] dotGitDirectory '/home/ubuntu/repos/spring-petclinic/.git'
[INFO] Collected git.build.user.name with value Devin AI
[INFO] Collected git.build.user.email with value 158243242+devin-ai-integration[bot]@users.noreply.github.com
[INFO] Collected git.branch with value feature/java21-upgrade_20260205_225933447
[INFO] Collected git.commit.id.describe with value 3e1ce23-dirty
[INFO] Collected git.commit.id.describe-short with value 3e1ce23-dirty
[INFO] Collected git.commit.id with value 3e1ce239f4488f20abda24441388a515ea55a815
[INFO] Collected git.commit.id.abbrev with value 3e1ce23
[INFO] Collected git.dirty with value true
[INFO] Collected git.commit.user.name with value Stéphane Nicoll
[INFO] Collected git.commit.user.email with value stephane.nicoll@broadcom.com
[INFO] Collected git.commit.message.full with value Polish
[INFO] Collected git.commit.message.short with value Polish
[INFO] Collected git.commit.time with value 2025-11-26T18:56:03Z
[INFO] Collected git.commit.author.time with value 2025-11-26T18:56:03Z
[INFO] Collected git.commit.committer.time with value 2025-11-26T18:56:03Z
[INFO] Collected git.remote.origin.url with value https://github.com/AI-Data-Ranch/spring-petclinic
[INFO] Collected git.tags with value 
[INFO] Collected git.tag with value 
[INFO] Collected git.closest.tag.name with value 
[INFO] Collected git.closest.tag.commit.count with value 
[INFO] Collected git.total.commit.count with value 1008
[INFO] Collected git.local.branch.ahead with value NO_REMOTE
[INFO] Collected git.local.branch.behind with value NO_REMOTE
[INFO] Collected git.build.time with value 2024-11-28T14:37:52Z
[INFO] Collected git.build.version with value 4.0.0-SNAPSHOT
[INFO] Collected git.build.host with value devin-box
[INFO] including property 'git.tags' in results
[INFO] including property 'git.build.version' in results
[INFO] including property 'git.branch' in results
[INFO] including property 'git.build.host' in results
[INFO] including property 'git.commit.id' in results
[INFO] including property 'git.commit.user.email' in results
[INFO] including property 'git.local.branch.behind' in results
[INFO] including property 'git.commit.author.time' in results
[INFO] including property 'git.build.user.name' in results
[INFO] including property 'git.dirty' in results
[INFO] including property 'git.closest.tag.commit.count' in results
[INFO] including property 'git.commit.user.name' in results
[INFO] including property 'git.commit.id.abbrev' in results
[INFO] including property 'git.commit.id.describe-short' in results
[INFO] including property 'git.total.commit.count' in results
[INFO] including property 'git.commit.id.describe' in results
[INFO] including property 'git.build.user.email' in results
[INFO] including property 'git.commit.message.short' in results
[INFO] including property 'git.commit.committer.time' in results
[INFO] including property 'git.tag' in results
[INFO] including property 'git.closest.tag.name' in results
[INFO] including property 'git.local.branch.ahead' in results
[INFO] including property 'git.commit.time' in results
[INFO] including property 'git.build.time' in results
[INFO] including property 'git.commit.message.full' in results
[INFO] including property 'git.remote.origin.url' in results
[INFO] Reading existing properties file [/home/ubuntu/repos/spring-petclinic/target/classes/git.properties] (for project petclinic)...
[INFO] Properties file [/home/ubuntu/repos/spring-petclinic/target/classes/git.properties] is up-to-date (for module petclinic)...
[INFO] 
[INFO] --- spring-boot:4.0.0:build-info (default) @ spring-petclinic ---
[INFO] 
[INFO] --- cyclonedx:2.9.1:makeAggregateBom (default) @ spring-petclinic ---
[INFO] CycloneDX: Resolving Dependencies
[INFO] CycloneDX: Creating BOM version 1.6 with 108 component(s)
[INFO] CycloneDX: Writing and validating BOM (JSON): /home/ubuntu/repos/spring-petclinic/target/classes/META-INF/sbom/application.cdx.json
[WARNING] Unknown keyword meta:enum - you should define your own Meta Schema. If the keyword is irrelevant for validation, just use a NonValidationKeyword or if it should generate annotations AnnotationKeyword
[WARNING] Unknown keyword deprecated - you should define your own Meta Schema. If the keyword is irrelevant for validation, just use a NonValidationKeyword or if it should generate annotations AnnotationKeyword
[INFO]            attaching as spring-petclinic-4.0.0-SNAPSHOT-cyclonedx.json
[INFO] 
[INFO] --- resources:3.3.1:resources (default-resources) @ spring-petclinic ---
[INFO] Copying 3 resources from src/main/resources to target/classes
[INFO] Copying 47 resources from src/main/resources to target/classes
[INFO] 
[INFO] --- compiler:3.14.1:compile (default-compile) @ spring-petclinic ---
[INFO] Nothing to compile - all classes are up to date.
[INFO] 
[INFO] --- resources:3.3.1:testResources (default-testResources) @ spring-petclinic ---
[INFO] skip non existing resourceDirectory /home/ubuntu/repos/spring-petclinic/src/test/resources
[INFO] 
[INFO] --- compiler:3.14.1:testCompile (default-testCompile) @ spring-petclinic ---
[INFO] Nothing to compile - all classes are up to date.
[INFO] 
[INFO] --- surefire:3.5.4:test (default-test) @ spring-petclinic ---
[WARNING]  Parameter 'systemProperties' is deprecated: Use systemPropertyVariables instead.
[INFO] Using auto detected provider org.apache.maven.surefire.junitplatform.JUnitPlatformProvider
Downloading from central: https://repo.maven.apache.org/maven2/org/junit/platform/junit-platform-launcher/6.0.1/junit-platform-launcher-6.0.1.pom
Progress (1): 967 BProgress (1): 2.6 kBProgress (1): 3.2 kB                    Downloaded from central: https://repo.maven.apache.org/maven2/org/junit/platform/junit-platform-launcher/6.0.1/junit-platform-launcher-6.0.1.pom (3.2 kB at 13 kB/s)
Downloading from central: https://repo.maven.apache.org/maven2/org/junit/platform/junit-platform-launcher/6.0.1/junit-platform-launcher-6.0.1.jar
Progress (1): 0.9/246 kBProgress (1): 2.3/246 kBProgress (1): 3.7/246 kBProgress (1): 5.0/246 kBProgress (1): 6.4/246 kBProgress (1): 7.8/246 kBProgress (1): 9.1/246 kBProgress (1): 11/246 kB Progress (1): 12/246 kBProgress (1): 13/246 kBProgress (1): 15/246 kBProgress (1): 16/246 kBProgress (1): 17/246 kBProgress (1): 19/246 kBProgress (1): 20/246 kBProgress (1): 21/246 kBProgress (1): 23/246 kBProgress (1): 24/246 kBProgress (1): 26/246 kBProgress (1): 27/246 kBProgress (1): 28/246 kBProgress (1): 30/246 kBProgress (1): 31/246 kBProgress (1): 32/246 kBProgress (1): 34/246 kBProgress (1): 35/246 kBProgress (1): 37/246 kBProgress (1): 38/246 kBProgress (1): 39/246 kBProgress (1): 41/246 kBProgress (1): 42/246 kBProgress (1): 43/246 kBProgress (1): 45/246 kBProgress (1): 46/246 kBProgress (1): 47/246 kBProgress (1): 49/246 kBProgress (1): 50/246 kBProgress (1): 52/246 kBProgress (1): 53/246 kBProgress (1): 57/246 kBProgress (1): 61/246 kBProgress (1): 66/246 kBProgress (1): 70/246 kBProgress (1): 74/246 kBProgress (1): 78/246 kBProgress (1): 83/246 kBProgress (1): 87/246 kBProgress (1): 91/246 kBProgress (1): 95/246 kBProgress (1): 99/246 kBProgress (1): 104/246 kBProgress (1): 108/246 kBProgress (1): 112/246 kBProgress (1): 116/246 kBProgress (1): 121/246 kBProgress (1): 125/246 kBProgress (1): 129/246 kBProgress (1): 133/246 kBProgress (1): 138/246 kBProgress (1): 142/246 kBProgress (1): 146/246 kBProgress (1): 150/246 kBProgress (1): 154/246 kBProgress (1): 159/246 kBProgress (1): 163/246 kBProgress (1): 167/246 kBProgress (1): 171/246 kBProgress (1): 176/246 kBProgress (1): 180/246 kBProgress (1): 184/246 kBProgress (1): 188/246 kBProgress (1): 192/246 kBProgress (1): 197/246 kBProgress (1): 201/246 kBProgress (1): 205/246 kBProgress (1): 209/246 kBProgress (1): 214/246 kBProgress (1): 218/246 kBProgress (1): 222/246 kBProgress (1): 238/246 kBProgress (1): 246 kB                        Downloaded from central: https://repo.maven.apache.org/maven2/org/junit/platform/junit-platform-launcher/6.0.1/junit-platform-launcher-6.0.1.jar (246 kB at 4.3 MB/s)
[INFO] 
[INFO] -------------------------------------------------------
[INFO]  T E S T S
[INFO] -------------------------------------------------------
07:02:40.524 [main] INFO org.testcontainers.DockerClientFactory -- Testcontainers version: 2.0.2
07:02:41.081 [main] INFO org.testcontainers.dockerclient.DockerClientProviderStrategy -- Loaded org.testcontainers.dockerclient.UnixSocketClientProviderStrategy from ~/.testcontainers.properties, will try it first
07:02:41.644 [main] INFO org.testcontainers.dockerclient.DockerClientProviderStrategy -- Found Docker environment with local Unix socket (unix:///var/run/docker.sock)
07:02:41.647 [main] INFO org.testcontainers.DockerClientFactory -- Docker host IP address is localhost
07:02:41.671 [main] INFO org.testcontainers.DockerClientFactory -- Connected to docker: 
  Server Version: 27.4.1
  API Version: 1.47
  Operating System: Ubuntu 22.04.5 LTS
  Total Memory: 32122 MB
07:02:41.687 [main] INFO org.testcontainers.images.PullPolicy -- Image pull policy will be performed by: DefaultPullPolicy()
07:02:41.690 [main] INFO org.testcontainers.utility.ImageNameSubstitutor -- Image name substitution will be performed by: DefaultImageNameSubstitutor (composite of 'ConfigurationFileImageNameSubstitutor' and 'PrefixingImageNameSubstitutor')
07:02:41.713 [main] INFO tc.testcontainers/ryuk:0.13.0 -- Creating container for image: testcontainers/ryuk:0.13.0
07:02:41.981 [main] INFO tc.testcontainers/ryuk:0.13.0 -- Container testcontainers/ryuk:0.13.0 is starting: ca27e1d2b4af4c0a8a47a280374fd7d7ca720ec18c198e32bfd75a504f7371e5
07:02:42.383 [main] INFO tc.testcontainers/ryuk:0.13.0 -- Container testcontainers/ryuk:0.13.0 started in PT0.669347874S
07:02:42.389 [main] INFO org.testcontainers.utility.RyukResourceReaper -- Ryuk started - will monitor and terminate Testcontainers containers on JVM exit
07:02:42.389 [main] INFO org.testcontainers.DockerClientFactory -- Checking the system...
07:02:42.390 [main] INFO org.testcontainers.DockerClientFactory -- ✔︎ Docker server version should be at least 1.6.0
[INFO] Running org.springframework.samples.petclinic.MySqlIntegrationTests
07:02:42.571 [main] INFO org.springframework.test.context.support.AnnotationConfigContextLoaderUtils -- Could not detect default configuration classes for test class [org.springframework.samples.petclinic.MySqlIntegrationTests]: MySqlIntegrationTests does not declare any static, non-private, non-final, nested classes annotated with @Configuration.
07:02:42.618 [main] INFO tc.mysql:9.5 -- Pulling docker image: mysql:9.5. Please be patient; this may take some time but only needs to be done once.
07:02:43.656 [docker-java-stream--1236969701] INFO tc.mysql:9.5 -- Starting to pull image
07:02:43.682 [docker-java-stream--1236969701] INFO tc.mysql:9.5 -- Pulling image layers:  0 pending,  0 downloaded,  0 extracted, (0 bytes/0 bytes)
07:02:44.228 [docker-java-stream--1236969701] INFO tc.mysql:9.5 -- Pulling image layers:  9 pending,  1 downloaded,  0 extracted, (9 KB/? MB)
07:02:44.241 [docker-java-stream--1236969701] INFO tc.mysql:9.5 -- Pulling image layers:  8 pending,  2 downloaded,  0 extracted, (9 KB/? MB)
07:02:44.476 [docker-java-stream--1236969701] INFO tc.mysql:9.5 -- Pulling image layers:  7 pending,  3 downloaded,  0 extracted, (40 MB/? MB)
07:02:44.538 [docker-java-stream--1236969701] INFO tc.mysql:9.5 -- Pulling image layers:  6 pending,  4 downloaded,  0 extracted, (40 MB/? MB)
07:02:44.585 [docker-java-stream--1236969701] INFO tc.mysql:9.5 -- Pulling image layers:  5 pending,  5 downloaded,  0 extracted, (40 MB/? MB)
07:02:44.748 [docker-java-stream--1236969701] INFO tc.mysql:9.5 -- Pulling image layers:  4 pending,  6 downloaded,  0 extracted, (40 MB/? MB)
07:02:44.841 [docker-java-stream--1236969701] INFO tc.mysql:9.5 -- Pulling image layers:  3 pending,  7 downloaded,  0 extracted, (40 MB/? MB)
07:02:45.045 [docker-java-stream--1236969701] INFO tc.mysql:9.5 -- Pulling image layers:  2 pending,  8 downloaded,  0 extracted, (85 MB/? MB)
07:02:46.069 [docker-java-stream--1236969701] INFO tc.mysql:9.5 -- Pulling image layers:  1 pending,  9 downloaded,  0 extracted, (244 MB/? MB)
07:02:46.352 [docker-java-stream--1236969701] INFO tc.mysql:9.5 -- Pulling image layers:  1 pending,  9 downloaded,  1 extracted, (249 MB/? MB)
07:02:46.364 [docker-java-stream--1236969701] INFO tc.mysql:9.5 -- Pulling image layers:  1 pending,  9 downloaded,  2 extracted, (249 MB/? MB)
07:02:46.383 [docker-java-stream--1236969701] INFO tc.mysql:9.5 -- Pulling image layers:  1 pending,  9 downloaded,  3 extracted, (250 MB/? MB)
07:02:46.619 [docker-java-stream--1236969701] INFO tc.mysql:9.5 -- Pulling image layers:  1 pending,  9 downloaded,  4 extracted, (256 MB/? MB)
07:02:46.632 [docker-java-stream--1236969701] INFO tc.mysql:9.5 -- Pulling image layers:  1 pending,  9 downloaded,  5 extracted, (256 MB/? MB)
07:02:46.642 [docker-java-stream--1236969701] INFO tc.mysql:9.5 -- Pulling image layers:  1 pending,  9 downloaded,  6 extracted, (256 MB/? MB)
07:02:47.606 [docker-java-stream--1236969701] INFO tc.mysql:9.5 -- Pulling image layers:  1 pending,  9 downloaded,  7 extracted, (260 MB/? MB)
07:02:47.617 [docker-java-stream--1236969701] INFO tc.mysql:9.5 -- Pulling image layers:  1 pending,  9 downloaded,  8 extracted, (260 MB/? MB)
07:02:58.392 [docker-java-stream--1236969701] INFO tc.mysql:9.5 -- Pulling image layers:  1 pending,  9 downloaded,  9 extracted, (262 MB/? MB)
07:02:58.404 [docker-java-stream--1236969701] INFO tc.mysql:9.5 -- Pulling image layers:  1 pending,  9 downloaded, 10 extracted, (262 MB/? MB)
07:02:58.413 [docker-java-stream--1236969701] INFO tc.mysql:9.5 -- Pull complete. 10 layers, pulled in 14s (downloaded 262 MB at 18 MB/s)
07:02:58.413 [main] INFO tc.mysql:9.5 -- Image mysql:9.5 pull took PT15.79405896S
07:02:58.541 [main] INFO org.springframework.boot.test.context.SpringBootTestContextBootstrapper -- Found @SpringBootConfiguration org.springframework.samples.petclinic.PetClinicApplication for test class org.springframework.samples.petclinic.MySqlIntegrationTests
07:02:58.685 [main] INFO tc.mysql:9.5 -- Creating container for image: mysql:9.5
07:02:59.379 [main] INFO tc.mysql:9.5 -- Container mysql:9.5 is starting: 79839e9cfc8ac4577383549138d3c4a0e1e1ef92da0b2f949e71a3ff4c0450f0
07:02:59.626 [main] INFO tc.mysql:9.5 -- Waiting for database connection to become available at jdbc:mysql://localhost:32769/test using query 'SELECT 1'
07:03:09.407 [main] INFO tc.mysql:9.5 -- Container mysql:9.5 started in PT10.721533003S
07:03:09.407 [main] INFO tc.mysql:9.5 -- Container is started (JDBC URL: jdbc:mysql://localhost:32769/test)
07:03:09.487 [main] INFO org.springframework.boot.devtools.restart.RestartApplicationListener -- Restart disabled due to context in which it is running


              |\      _,,,--,,_
             /,`.-'`'   ._  \-;;,_
  _______ __|,4-  ) )_   .;.(__`'-'__     ___ __    _ ___ _______
 |       | '---''(_/._)-'(_\_)   |   |   |   |  |  | |   |       |
 |    _  |    ___|_     _|       |   |   |   |   |_| |   |       | __ _ _
 |   |_| |   |___  |   | |       |   |   |   |       |   |       | \ \ \ \
 |    ___|    ___| |   | |      _|   |___|   |  _    |   |      _|  \ \ \ \
 |   |   |   |___  |   | |     |_|       |   | | |   |   |     |_    ) ) ) )
 |___|   |_______| |___| |_______|_______|___|_|  |__|___|_______|  / / / /
 ==================================================================/_/_/_/

:: Built with Spring Boot :: 4.0.0


2026-02-06T07:03:09.862Z  INFO 7046 --- [           main] o.s.s.petclinic.MySqlIntegrationTests    : Starting MySqlIntegrationTests using Java 21.0.10 with PID 7046 (started by ubuntu in /home/ubuntu/repos/spring-petclinic)
2026-02-06T07:03:09.863Z  INFO 7046 --- [           main] o.s.s.petclinic.MySqlIntegrationTests    : The following 1 profile is active: "mysql"
2026-02-06T07:03:10.961Z  INFO 7046 --- [           main] .s.d.r.c.RepositoryConfigurationDelegate : Bootstrapping Spring Data JPA repositories in DEFAULT mode.
2026-02-06T07:03:11.029Z  INFO 7046 --- [           main] .s.d.r.c.RepositoryConfigurationDelegate : Finished Spring Data repository scanning in 57 ms. Found 3 JPA repository interfaces.
2026-02-06T07:03:11.932Z  INFO 7046 --- [           main] o.s.boot.tomcat.TomcatWebServer          : Tomcat initialized with port 0 (http)
2026-02-06T07:03:11.952Z  INFO 7046 --- [           main] o.apache.catalina.core.StandardService   : Starting service [Tomcat]
2026-02-06T07:03:11.952Z  INFO 7046 --- [           main] o.apache.catalina.core.StandardEngine    : Starting Servlet engine: [Apache Tomcat/11.0.14]
2026-02-06T07:03:12.010Z  INFO 7046 --- [           main] b.w.c.s.WebApplicationContextInitializer : Root WebApplicationContext: initialization completed in 2104 ms
2026-02-06T07:03:12.294Z  INFO 7046 --- [           main] com.zaxxer.hikari.HikariDataSource       : HikariPool-1 - Starting...
2026-02-06T07:03:12.465Z  INFO 7046 --- [           main] com.zaxxer.hikari.pool.HikariPool        : HikariPool-1 - Added connection com.mysql.cj.jdbc.ConnectionImpl@40f7ae65
2026-02-06T07:03:12.467Z  INFO 7046 --- [           main] com.zaxxer.hikari.HikariDataSource       : HikariPool-1 - Start completed.
2026-02-06T07:03:12.786Z  INFO 7046 --- [           main] o.hibernate.jpa.internal.util.LogHelper  : HHH000204: Processing PersistenceUnitInfo [name: default]
2026-02-06T07:03:12.857Z  INFO 7046 --- [           main] org.hibernate.Version                    : HHH000412: Hibernate ORM core version 7.1.8.Final
2026-02-06T07:03:13.422Z  INFO 7046 --- [           main] o.s.o.j.p.SpringPersistenceUnitInfo      : No LoadTimeWeaver setup: ignoring JPA class transformer
2026-02-06T07:03:13.569Z  INFO 7046 --- [           main] org.hibernate.orm.connections.pooling    : HHH10001005: Database info:
	Database JDBC URL [jdbc:mysql://localhost:32769/test]
	Database driver: MySQL Connector/J
	Database dialect: MySQLDialect
	Database version: 9.5
	Default catalog/schema: test/undefined
	Autocommit mode: undefined/unknown
	Isolation level: REPEATABLE_READ [default REPEATABLE_READ]
	JDBC fetch size: none
	Pool: DatasourceConnectionProviderImpl
	Minimum pool size: undefined/unknown
	Maximum pool size: undefined/unknown
2026-02-06T07:03:15.092Z  INFO 7046 --- [           main] o.h.e.t.j.p.i.JtaPlatformInitiator       : HHH000489: No JTA platform available (set 'hibernate.transaction.jta.platform' to enable JTA platform integration)
2026-02-06T07:03:15.103Z  INFO 7046 --- [           main] j.LocalContainerEntityManagerFactoryBean : Initialized JPA EntityManagerFactory for persistence unit 'default'
2026-02-06T07:03:15.141Z  INFO 7046 --- [           main] tc.mysql:9.5                             : Creating container for image: mysql:9.5
2026-02-06T07:03:15.178Z  INFO 7046 --- [           main] tc.mysql:9.5                             : Container mysql:9.5 is starting: 1224aaf516ab8652f2a721fe69eff7a44b18430ced21dfa39956f535876de488
2026-02-06T07:03:15.414Z  INFO 7046 --- [           main] tc.mysql:9.5                             : Waiting for database connection to become available at jdbc:mysql://localhost:32770/test using query 'SELECT 1'
2026-02-06T07:03:24.587Z  INFO 7046 --- [           main] tc.mysql:9.5                             : Container mysql:9.5 started in PT9.445727371S
2026-02-06T07:03:24.588Z  INFO 7046 --- [           main] tc.mysql:9.5                             : Container is started (JDBC URL: jdbc:mysql://localhost:32770/test)
2026-02-06T07:03:24.701Z  INFO 7046 --- [           main] o.s.d.j.r.query.QueryEnhancerFactories   : Hibernate is in classpath; If applicable, HQL parser will be used.
2026-02-06T07:03:26.397Z  INFO 7046 --- [           main] o.s.b.a.e.web.EndpointLinksResolver      : Exposing 13 endpoints beneath base path '/actuator'
2026-02-06T07:03:26.503Z  INFO 7046 --- [           main] o.s.boot.tomcat.TomcatWebServer          : Tomcat started on port 44157 (http) with context path '/'
2026-02-06T07:03:26.513Z  INFO 7046 --- [           main] o.s.s.petclinic.MySqlIntegrationTests    : Started MySqlIntegrationTests in 17.042 seconds (process running for 47.321)
Mockito is currently self-attaching to enable the inline-mock-maker. This will no longer work in future releases of the JDK. Please add Mockito as an agent to your build as described in Mockito's documentation: https://javadoc.io/doc/org.mockito/mockito-core/latest/org.mockito/org/mockito/Mockito.html#0.3
OpenJDK 64-Bit Server VM warning: Sharing is only supported for boot loader classes because bootstrap classpath has been appended
WARNING: A Java agent has been loaded dynamically (/home/ubuntu/.m2/repository/net/bytebuddy/byte-buddy-agent/1.17.8/byte-buddy-agent-1.17.8.jar)
WARNING: If a serviceability tool is in use, please run with -XX:+EnableDynamicAgentLoading to hide this warning
WARNING: If a serviceability tool is not in use, please run with -Djdk.instrument.traceUsage for more information
WARNING: Dynamic loading of agents will be disallowed by default in a future release
2026-02-06T07:03:27.556Z  INFO 7046 --- [o-auto-1-exec-1] o.a.c.c.C.[Tomcat].[localhost].[/]       : Initializing Spring DispatcherServlet 'dispatcherServlet'
2026-02-06T07:03:27.556Z  INFO 7046 --- [o-auto-1-exec-1] o.s.web.servlet.DispatcherServlet        : Initializing Servlet 'dispatcherServlet'
2026-02-06T07:03:27.558Z  INFO 7046 --- [o-auto-1-exec-1] o.s.web.servlet.DispatcherServlet        : Completed initialization in 2 ms
[INFO] Tests run: 2, Failures: 0, Errors: 0, Skipped: 0, Time elapsed: 46.16 s -- in org.springframework.samples.petclinic.MySqlIntegrationTests
[INFO] Running org.springframework.samples.petclinic.service.ClinicServiceTests
2026-02-06T07:03:28.557Z  INFO 7046 --- [           main] t.c.s.AnnotationConfigContextLoaderUtils : Could not detect default configuration classes for test class [org.springframework.samples.petclinic.service.ClinicServiceTests]: ClinicServiceTests does not declare any static, non-private, non-final, nested classes annotated with @Configuration.
2026-02-06T07:03:28.585Z  INFO 7046 --- [           main] .b.t.c.SpringBootTestContextBootstrapper : Found @SpringBootConfiguration org.springframework.samples.petclinic.PetClinicApplication for test class org.springframework.samples.petclinic.service.ClinicServiceTests
2026-02-06T07:03:28.590Z  INFO 7046 --- [           main] o.s.b.d.r.RestartApplicationListener     : Restart disabled due to context in which it is running


              |\      _,,,--,,_
             /,`.-'`'   ._  \-;;,_
  _______ __|,4-  ) )_   .;.(__`'-'__     ___ __    _ ___ _______
 |       | '---''(_/._)-'(_\_)   |   |   |   |  |  | |   |       |
 |    _  |    ___|_     _|       |   |   |   |   |_| |   |       | __ _ _
 |   |_| |   |___  |   | |       |   |   |   |       |   |       | \ \ \ \
 |    ___|    ___| |   | |      _|   |___|   |  _    |   |      _|  \ \ \ \
 |   |   |   |___  |   | |     |_|       |   | | |   |   |     |_    ) ) ) )
 |___|   |_______| |___| |_______|_______|___|_|  |__|___|_______|  / / / /
 ==================================================================/_/_/_/

:: Built with Spring Boot :: 4.0.0


2026-02-06T07:03:28.632Z  INFO 7046 --- [           main] o.s.s.p.service.ClinicServiceTests       : Starting ClinicServiceTests using Java 21.0.10 with PID 7046 (started by ubuntu in /home/ubuntu/repos/spring-petclinic)
2026-02-06T07:03:28.632Z  INFO 7046 --- [           main] o.s.s.p.service.ClinicServiceTests       : No active profile set, falling back to 1 default profile: "default"
2026-02-06T07:03:28.726Z  INFO 7046 --- [           main] .s.d.r.c.RepositoryConfigurationDelegate : Bootstrapping Spring Data JPA repositories in DEFAULT mode.
2026-02-06T07:03:28.737Z  INFO 7046 --- [           main] .s.d.r.c.RepositoryConfigurationDelegate : Finished Spring Data repository scanning in 9 ms. Found 3 JPA repository interfaces.
2026-02-06T07:03:28.768Z  INFO 7046 --- [           main] com.zaxxer.hikari.HikariDataSource       : HikariPool-2 - Starting...
2026-02-06T07:03:29.100Z  INFO 7046 --- [           main] com.zaxxer.hikari.pool.HikariPool        : HikariPool-2 - Added connection conn0: url=jdbc:h2:mem:92bb3ca4-d8eb-4b6e-ba54-4099a18fb133 user=SA
2026-02-06T07:03:29.100Z  INFO 7046 --- [           main] com.zaxxer.hikari.HikariDataSource       : HikariPool-2 - Start completed.
2026-02-06T07:03:29.199Z  INFO 7046 --- [           main] o.hibernate.jpa.internal.util.LogHelper  : HHH000204: Processing PersistenceUnitInfo [name: default]
2026-02-06T07:03:29.224Z  INFO 7046 --- [           main] o.s.o.j.p.SpringPersistenceUnitInfo      : No LoadTimeWeaver setup: ignoring JPA class transformer
2026-02-06T07:03:29.240Z  INFO 7046 --- [           main] org.hibernate.orm.connections.pooling    : HHH10001005: Database info:
	Database JDBC URL [jdbc:h2:mem:92bb3ca4-d8eb-4b6e-ba54-4099a18fb133]
	Database driver: H2 JDBC Driver
	Database dialect: H2Dialect
	Database version: 2.4.240
	Default catalog/schema: 92BB3CA4-D8EB-4B6E-BA54-4099A18FB133/PUBLIC
	Autocommit mode: undefined/unknown
	Isolation level: READ_COMMITTED [default READ_COMMITTED]
	JDBC fetch size: 100
	Pool: DatasourceConnectionProviderImpl
	Minimum pool size: undefined/unknown
	Maximum pool size: undefined/unknown
2026-02-06T07:03:29.364Z  INFO 7046 --- [           main] o.h.e.t.j.p.i.JtaPlatformInitiator       : HHH000489: No JTA platform available (set 'hibernate.transaction.jta.platform' to enable JTA platform integration)
2026-02-06T07:03:29.365Z  INFO 7046 --- [           main] j.LocalContainerEntityManagerFactoryBean : Initialized JPA EntityManagerFactory for persistence unit 'default'
2026-02-06T07:03:29.410Z  INFO 7046 --- [           main] o.s.s.p.service.ClinicServiceTests       : Started ClinicServiceTests in 0.82 seconds (process running for 50.218)
Hibernate: select v1_0.id,v1_0.first_name,v1_0.last_name from vets v1_0
Hibernate: select s1_0.vet_id,s1_1.id,s1_1.name from vet_specialties s1_0 join specialties s1_1 on s1_1.id=s1_0.specialty_id where s1_0.vet_id=?
Hibernate: select s1_0.vet_id,s1_1.id,s1_1.name from vet_specialties s1_0 join specialties s1_1 on s1_1.id=s1_0.specialty_id where s1_0.vet_id=?
Hibernate: select s1_0.vet_id,s1_1.id,s1_1.name from vet_specialties s1_0 join specialties s1_1 on s1_1.id=s1_0.specialty_id where s1_0.vet_id=?
Hibernate: select s1_0.vet_id,s1_1.id,s1_1.name from vet_specialties s1_0 join specialties s1_1 on s1_1.id=s1_0.specialty_id where s1_0.vet_id=?
Hibernate: select s1_0.vet_id,s1_1.id,s1_1.name from vet_specialties s1_0 join specialties s1_1 on s1_1.id=s1_0.specialty_id where s1_0.vet_id=?
Hibernate: select s1_0.vet_id,s1_1.id,s1_1.name from vet_specialties s1_0 join specialties s1_1 on s1_1.id=s1_0.specialty_id where s1_0.vet_id=?
Hibernate: select o1_0.id,o1_0.address,o1_0.city,o1_0.first_name,o1_0.last_name,o1_0.telephone from owners o1_0 where o1_0.last_name like ? escape '\'
Hibernate: select p1_0.owner_id,p1_0.id,p1_0.birth_date,p1_0.name,t1_0.id,t1_0.name from pets p1_0 left join types t1_0 on t1_0.id=p1_0.type_id where p1_0.owner_id=? order by p1_0.name
Hibernate: select v1_0.pet_id,v1_0.id,v1_0.visit_date,v1_0.description from visits v1_0 where v1_0.pet_id=? order by v1_0.visit_date
Hibernate: select p1_0.owner_id,p1_0.id,p1_0.birth_date,p1_0.name,t1_0.id,t1_0.name from pets p1_0 left join types t1_0 on t1_0.id=p1_0.type_id where p1_0.owner_id=? order by p1_0.name
Hibernate: select v1_0.pet_id,v1_0.id,v1_0.visit_date,v1_0.description from visits v1_0 where v1_0.pet_id=? order by v1_0.visit_date
Hibernate: select o1_0.id,o1_0.address,o1_0.city,o1_0.first_name,o1_0.last_name,o1_0.telephone from owners o1_0 where o1_0.last_name like ? escape '\'
Hibernate: select o1_0.id,o1_0.address,o1_0.city,o1_0.first_name,o1_0.last_name,o1_0.telephone,p1_0.owner_id,p1_0.id,p1_0.birth_date,p1_0.name,t1_0.id,t1_0.name from owners o1_0 left join pets p1_0 on o1_0.id=p1_0.owner_id left join types t1_0 on t1_0.id=p1_0.type_id where o1_0.id=? order by p1_0.name
Hibernate: select v1_0.pet_id,v1_0.id,v1_0.visit_date,v1_0.description from visits v1_0 where v1_0.pet_id=? order by v1_0.visit_date
Hibernate: select v1_0.pet_id,v1_0.id,v1_0.visit_date,v1_0.description from visits v1_0 where v1_0.pet_id=? order by v1_0.visit_date
Hibernate: insert into visits (visit_date,description,id) values (?,?,default)
Hibernate: select o1_0.id,o1_0.address,o1_0.city,o1_0.first_name,o1_0.last_name,o1_0.telephone,p1_0.owner_id,p1_0.id,p1_0.birth_date,p1_0.name,t1_0.id,t1_0.name from owners o1_0 left join pets p1_0 on o1_0.id=p1_0.owner_id left join types t1_0 on t1_0.id=p1_0.type_id where o1_0.id=? order by p1_0.name
Hibernate: select v1_0.pet_id,v1_0.id,v1_0.visit_date,v1_0.description from visits v1_0 where v1_0.pet_id=? order by v1_0.visit_date
Hibernate: select o1_0.id,o1_0.address,o1_0.city,o1_0.first_name,o1_0.last_name,o1_0.telephone,p1_0.owner_id,p1_0.id,p1_0.birth_date,p1_0.name,t1_0.id,t1_0.name from owners o1_0 left join pets p1_0 on o1_0.id=p1_0.owner_id left join types t1_0 on t1_0.id=p1_0.type_id where o1_0.id=? order by p1_0.name
Hibernate: select v1_0.pet_id,v1_0.id,v1_0.visit_date,v1_0.description from visits v1_0 where v1_0.pet_id=? order by v1_0.visit_date
Hibernate: select v1_0.pet_id,v1_0.id,v1_0.visit_date,v1_0.description from visits v1_0 where v1_0.pet_id=? order by v1_0.visit_date
Hibernate: select o1_0.id,o1_0.address,o1_0.city,o1_0.first_name,o1_0.last_name,o1_0.telephone,p1_0.owner_id,p1_0.id,p1_0.birth_date,p1_0.name,t1_0.id,t1_0.name from owners o1_0 left join pets p1_0 on o1_0.id=p1_0.owner_id left join types t1_0 on t1_0.id=p1_0.type_id where o1_0.id=? order by p1_0.name
Hibernate: select v1_0.pet_id,v1_0.id,v1_0.visit_date,v1_0.description from visits v1_0 where v1_0.pet_id=? order by v1_0.visit_date
Hibernate: select v1_0.pet_id,v1_0.id,v1_0.visit_date,v1_0.description from visits v1_0 where v1_0.pet_id=? order by v1_0.visit_date
Hibernate: select pt1_0.id,pt1_0.name from types pt1_0 order by pt1_0.name
Hibernate: insert into pets (birth_date,name,type_id,id) values (?,?,?,default)
Hibernate: select o1_0.id,o1_0.address,o1_0.city,o1_0.first_name,o1_0.last_name,o1_0.telephone from owners o1_0 where o1_0.last_name like ? escape '\'
Hibernate: insert into owners (address,city,first_name,last_name,telephone,id) values (?,?,?,?,?,default)
Hibernate: select o1_0.id,o1_0.address,o1_0.city,o1_0.first_name,o1_0.last_name,o1_0.telephone from owners o1_0 where o1_0.last_name like ? escape '\'
Hibernate: select o1_0.id,o1_0.address,o1_0.city,o1_0.first_name,o1_0.last_name,o1_0.telephone,p1_0.owner_id,p1_0.id,p1_0.birth_date,p1_0.name,t1_0.id,t1_0.name from owners o1_0 left join pets p1_0 on o1_0.id=p1_0.owner_id left join types t1_0 on t1_0.id=p1_0.type_id where o1_0.id=? order by p1_0.name
Hibernate: select v1_0.pet_id,v1_0.id,v1_0.visit_date,v1_0.description from visits v1_0 where v1_0.pet_id=? order by v1_0.visit_date
Hibernate: select o1_0.id,o1_0.address,o1_0.city,o1_0.first_name,o1_0.last_name,o1_0.telephone,p1_0.owner_id,p1_0.id,p1_0.birth_date,p1_0.name,t1_0.id,t1_0.name from owners o1_0 left join pets p1_0 on o1_0.id=p1_0.owner_id left join types t1_0 on t1_0.id=p1_0.type_id where o1_0.id=? order by p1_0.name
Hibernate: select v1_0.pet_id,v1_0.id,v1_0.visit_date,v1_0.description from visits v1_0 where v1_0.pet_id=? order by v1_0.visit_date
Hibernate: select v1_0.pet_id,v1_0.id,v1_0.visit_date,v1_0.description from visits v1_0 where v1_0.pet_id=? order by v1_0.visit_date
Hibernate: select pt1_0.id,pt1_0.name from types pt1_0 order by pt1_0.name
[INFO] Tests run: 10, Failures: 0, Errors: 0, Skipped: 0, Time elapsed: 1.171 s -- in org.springframework.samples.petclinic.service.ClinicServiceTests
[INFO] Running org.springframework.samples.petclinic.PostgresIntegrationTests
2026-02-06T07:03:29.728Z  INFO 7046 --- [           main] t.c.s.AnnotationConfigContextLoaderUtils : Could not detect default configuration classes for test class [org.springframework.samples.petclinic.PostgresIntegrationTests]: PostgresIntegrationTests does not declare any static, non-private, non-final, nested classes annotated with @Configuration.
2026-02-06T07:03:29.732Z  INFO 7046 --- [           main] .b.t.c.SpringBootTestContextBootstrapper : Found @SpringBootConfiguration org.springframework.samples.petclinic.PetClinicApplication for test class org.springframework.samples.petclinic.PostgresIntegrationTests
2026-02-06T07:03:29.739Z  INFO 7046 --- [           main] o.s.b.d.r.RestartApplicationListener     : Restart disabled due to context in which it is running


              |\      _,,,--,,_
             /,`.-'`'   ._  \-;;,_
  _______ __|,4-  ) )_   .;.(__`'-'__     ___ __    _ ___ _______
 |       | '---''(_/._)-'(_\_)   |   |   |   |  |  | |   |       |
 |    _  |    ___|_     _|       |   |   |   |   |_| |   |       | __ _ _
 |   |_| |   |___  |   | |       |   |   |   |       |   |       | \ \ \ \
 |    ___|    ___| |   | |      _|   |___|   |  _    |   |      _|  \ \ \ \
 |   |   |   |___  |   | |     |_|       |   | | |   |   |     |_    ) ) ) )
 |___|   |_______| |___| |_______|_______|___|_|  |__|___|_______|  / / / /
 ==================================================================/_/_/_/

:: Built with Spring Boot :: 4.0.0


2026-02-06T07:03:29.761Z  INFO 7046 --- [           main] o.s.s.p.PostgresIntegrationTests         : Starting PostgresIntegrationTests using Java 21.0.10 with PID 7046 (started by ubuntu in /home/ubuntu/repos/spring-petclinic)
2026-02-06T07:03:29.762Z  INFO 7046 --- [           main] o.s.s.p.PostgresIntegrationTests         : The following 1 profile is active: "postgres"
2026-02-06T07:03:29.768Z  INFO 7046 --- [           main] .s.b.d.c.l.DockerComposeLifecycleManager : Using Docker Compose file /home/ubuntu/repos/spring-petclinic/docker-compose.yml
2026-02-06T07:03:30.437Z  INFO 7046 --- [utReader-stderr] o.s.boot.docker.compose.core.DockerCli   :  postgres Pulling 
2026-02-06T07:03:31.723Z  INFO 7046 --- [utReader-stderr] o.s.boot.docker.compose.core.DockerCli   :  0c8d55a45c0d Pulling fs layer 
2026-02-06T07:03:31.723Z  INFO 7046 --- [utReader-stderr] o.s.boot.docker.compose.core.DockerCli   :  d7071d8cd1af Pulling fs layer 
2026-02-06T07:03:31.723Z  INFO 7046 --- [utReader-stderr] o.s.boot.docker.compose.core.DockerCli   :  e3d994429678 Pulling fs layer 
2026-02-06T07:03:31.724Z  INFO 7046 --- [utReader-stderr] o.s.boot.docker.compose.core.DockerCli   :  512b7ea3ac5d Pulling fs layer 
2026-02-06T07:03:31.724Z  INFO 7046 --- [utReader-stderr] o.s.boot.docker.compose.core.DockerCli   :  c4fa1de5526b Pulling fs layer 
2026-02-06T07:03:31.724Z  INFO 7046 --- [utReader-stderr] o.s.boot.docker.compose.core.DockerCli   :  67efc7fd0cb7 Pulling fs layer 
2026-02-06T07:03:31.724Z  INFO 7046 --- [utReader-stderr] o.s.boot.docker.compose.core.DockerCli   :  0b231e82c9b6 Pulling fs layer 
2026-02-06T07:03:31.724Z  INFO 7046 --- [utReader-stderr] o.s.boot.docker.compose.core.DockerCli   :  b61b9ed964eb Pulling fs layer 
2026-02-06T07:03:31.724Z  INFO 7046 --- [utReader-stderr] o.s.boot.docker.compose.core.DockerCli   :  6bc137f970e3 Pulling fs layer 
2026-02-06T07:03:31.724Z  INFO 7046 --- [utReader-stderr] o.s.boot.docker.compose.core.DockerCli   :  46dc4e6582cd Pulling fs layer 
2026-02-06T07:03:31.724Z  INFO 7046 --- [utReader-stderr] o.s.boot.docker.compose.core.DockerCli   :  b04fada31d68 Pulling fs layer 
2026-02-06T07:03:31.724Z  INFO 7046 --- [utReader-stderr] o.s.boot.docker.compose.core.DockerCli   :  f7652ec73b05 Pulling fs layer 
2026-02-06T07:03:31.724Z  INFO 7046 --- [utReader-stderr] o.s.boot.docker.compose.core.DockerCli   :  9b8484f1a1e6 Pulling fs layer 
2026-02-06T07:03:31.724Z  INFO 7046 --- [utReader-stderr] o.s.boot.docker.compose.core.DockerCli   :  c4fa1de5526b Waiting 
2026-02-06T07:03:31.724Z  INFO 7046 --- [utReader-stderr] o.s.boot.docker.compose.core.DockerCli   :  67efc7fd0cb7 Waiting 
2026-02-06T07:03:31.724Z  INFO 7046 --- [utReader-stderr] o.s.boot.docker.compose.core.DockerCli   :  0b231e82c9b6 Waiting 
2026-02-06T07:03:31.724Z  INFO 7046 --- [utReader-stderr] o.s.boot.docker.compose.core.DockerCli   :  b61b9ed964eb Waiting 
2026-02-06T07:03:31.725Z  INFO 7046 --- [utReader-stderr] o.s.boot.docker.compose.core.DockerCli   :  6bc137f970e3 Waiting 
2026-02-06T07:03:31.725Z  INFO 7046 --- [utReader-stderr] o.s.boot.docker.compose.core.DockerCli   :  9b8484f1a1e6 Waiting 
2026-02-06T07:03:31.725Z  INFO 7046 --- [utReader-stderr] o.s.boot.docker.compose.core.DockerCli   :  46dc4e6582cd Waiting 
2026-02-06T07:03:31.725Z  INFO 7046 --- [utReader-stderr] o.s.boot.docker.compose.core.DockerCli   :  f7652ec73b05 Waiting 
2026-02-06T07:03:31.725Z  INFO 7046 --- [utReader-stderr] o.s.boot.docker.compose.core.DockerCli   :  b04fada31d68 Waiting 
2026-02-06T07:03:31.725Z  INFO 7046 --- [utReader-stderr] o.s.boot.docker.compose.core.DockerCli   :  512b7ea3ac5d Waiting 
2026-02-06T07:03:32.003Z  INFO 7046 --- [utReader-stderr] o.s.boot.docker.compose.core.DockerCli   :  d7071d8cd1af Downloading [==============================>                    ]     720B/1.175kB
2026-02-06T07:03:32.003Z  INFO 7046 --- [utReader-stderr] o.s.boot.docker.compose.core.DockerCli   :  d7071d8cd1af Downloading [==================================================>]  1.175kB/1.175kB
2026-02-06T07:03:32.003Z  INFO 7046 --- [utReader-stderr] o.s.boot.docker.compose.core.DockerCli   :  d7071d8cd1af Verifying Checksum 
2026-02-06T07:03:32.003Z  INFO 7046 --- [utReader-stderr] o.s.boot.docker.compose.core.DockerCli   :  d7071d8cd1af Download complete 
2026-02-06T07:03:32.019Z  INFO 7046 --- [utReader-stderr] o.s.boot.docker.compose.core.DockerCli   :  0c8d55a45c0d Downloading [>                                                  ]  298.8kB/29.78MB
2026-02-06T07:03:32.073Z  INFO 7046 --- [utReader-stderr] o.s.boot.docker.compose.core.DockerCli   :  e3d994429678 Downloading [>                                                  ]  67.22kB/6.438MB
2026-02-06T07:03:32.122Z  INFO 7046 --- [utReader-stderr] o.s.boot.docker.compose.core.DockerCli   :  0c8d55a45c0d Downloading [====================>                              ]  11.99MB/29.78MB
2026-02-06T07:03:32.124Z  INFO 7046 --- [utReader-stderr] o.s.boot.docker.compose.core.DockerCli   :  e3d994429678 Download complete 
2026-02-06T07:03:32.224Z  INFO 7046 --- [utReader-stderr] o.s.boot.docker.compose.core.DockerCli   :  0c8d55a45c0d Downloading [============================================>      ]   26.8MB/29.78MB
2026-02-06T07:03:32.251Z  INFO 7046 --- [utReader-stderr] o.s.boot.docker.compose.core.DockerCli   :  0c8d55a45c0d Verifying Checksum 
2026-02-06T07:03:32.251Z  INFO 7046 --- [utReader-stderr] o.s.boot.docker.compose.core.DockerCli   :  0c8d55a45c0d Download complete 
2026-02-06T07:03:32.264Z  INFO 7046 --- [utReader-stderr] o.s.boot.docker.compose.core.DockerCli   :  512b7ea3ac5d Downloading [>                                                  ]  13.48kB/1.257MB
2026-02-06T07:03:32.291Z  INFO 7046 --- [utReader-stderr] o.s.boot.docker.compose.core.DockerCli   :  512b7ea3ac5d Verifying Checksum 
2026-02-06T07:03:32.291Z  INFO 7046 --- [utReader-stderr] o.s.boot.docker.compose.core.DockerCli   :  512b7ea3ac5d Download complete 
2026-02-06T07:03:32.300Z  INFO 7046 --- [utReader-stderr] o.s.boot.docker.compose.core.DockerCli   :  0c8d55a45c0d Extracting [>                                                  ]  327.7kB/29.78MB
2026-02-06T07:03:32.401Z  INFO 7046 --- [utReader-stderr] o.s.boot.docker.compose.core.DockerCli   :  0c8d55a45c0d Extracting [=======>                                           ]  4.588MB/29.78MB
2026-02-06T07:03:32.408Z  INFO 7046 --- [utReader-stderr] o.s.boot.docker.compose.core.DockerCli   :  c4fa1de5526b Downloading [>                                                  ]  84.16kB/8.204MB
2026-02-06T07:03:32.459Z  INFO 7046 --- [utReader-stderr] o.s.boot.docker.compose.core.DockerCli   :  c4fa1de5526b Download complete 
2026-02-06T07:03:32.508Z  INFO 7046 --- [utReader-stderr] o.s.boot.docker.compose.core.DockerCli   :  0c8d55a45c0d Extracting [==============>                                    ]  8.847MB/29.78MB
2026-02-06T07:03:32.530Z  INFO 7046 --- [utReader-stderr] o.s.boot.docker.compose.core.DockerCli   :  67efc7fd0cb7 Downloading [>                                                  ]  14.41kB/1.312MB
2026-02-06T07:03:32.560Z  INFO 7046 --- [utReader-stderr] o.s.boot.docker.compose.core.DockerCli   :  67efc7fd0cb7 Verifying Checksum 
2026-02-06T07:03:32.560Z  INFO 7046 --- [utReader-stderr] o.s.boot.docker.compose.core.DockerCli   :  67efc7fd0cb7 Download complete 
2026-02-06T07:03:32.566Z  INFO 7046 --- [utReader-stderr] o.s.boot.docker.compose.core.DockerCli   :  0b231e82c9b6 Download complete 
2026-02-06T07:03:32.614Z  INFO 7046 --- [utReader-stderr] o.s.boot.docker.compose.core.DockerCli   :  0c8d55a45c0d Extracting [==================>                                ]  10.81MB/29.78MB
2026-02-06T07:03:32.715Z  INFO 7046 --- [utReader-stderr] o.s.boot.docker.compose.core.DockerCli   :  0c8d55a45c0d Extracting [=======================>                           ]  13.76MB/29.78MB
2026-02-06T07:03:32.746Z  INFO 7046 --- [utReader-stderr] o.s.boot.docker.compose.core.DockerCli   :  b61b9ed964eb Downloading [==========>                                        ]     688B/3.145kB
2026-02-06T07:03:32.747Z  INFO 7046 --- [utReader-stderr] o.s.boot.docker.compose.core.DockerCli   :  b61b9ed964eb Downloading [==================================================>]  3.145kB/3.145kB
2026-02-06T07:03:32.747Z  INFO 7046 --- [utReader-stderr] o.s.boot.docker.compose.core.DockerCli   :  b61b9ed964eb Download complete 
2026-02-06T07:03:32.818Z  INFO 7046 --- [utReader-stderr] o.s.boot.docker.compose.core.DockerCli   :  0c8d55a45c0d Extracting [==================================>                ]  20.32MB/29.78MB
2026-02-06T07:03:32.849Z  INFO 7046 --- [utReader-stderr] o.s.boot.docker.compose.core.DockerCli   :  46dc4e6582cd Downloading [=>                                                 ]     687B/19.19kB
2026-02-06T07:03:32.850Z  INFO 7046 --- [utReader-stderr] o.s.boot.docker.compose.core.DockerCli   :  46dc4e6582cd Downloading [==================================================>]  19.19kB/19.19kB
2026-02-06T07:03:32.851Z  INFO 7046 --- [utReader-stderr] o.s.boot.docker.compose.core.DockerCli   :  46dc4e6582cd Download complete 
2026-02-06T07:03:32.868Z  INFO 7046 --- [utReader-stderr] o.s.boot.docker.compose.core.DockerCli   :  6bc137f970e3 Downloading [>                                                  ]  528.2kB/115.2MB
2026-02-06T07:03:32.939Z  INFO 7046 --- [utReader-stderr] o.s.boot.docker.compose.core.DockerCli   :  0c8d55a45c0d Extracting [==========================================>        ]  25.56MB/29.78MB
2026-02-06T07:03:32.974Z  INFO 7046 --- [utReader-stderr] o.s.boot.docker.compose.core.DockerCli   :  6bc137f970e3 Downloading [=======>                                           ]  18.11MB/115.2MB
2026-02-06T07:03:33.013Z  INFO 7046 --- [utReader-stderr] o.s.boot.docker.compose.core.DockerCli   :  b04fada31d68 Downloading [==================================================>]     127B/127B
2026-02-06T07:03:33.013Z  INFO 7046 --- [utReader-stderr] o.s.boot.docker.compose.core.DockerCli   :  b04fada31d68 Verifying Checksum 
2026-02-06T07:03:33.014Z  INFO 7046 --- [utReader-stderr] o.s.boot.docker.compose.core.DockerCli   :  b04fada31d68 Download complete 
2026-02-06T07:03:33.074Z  INFO 7046 --- [utReader-stderr] o.s.boot.docker.compose.core.DockerCli   :  6bc137f970e3 Downloading [==============>                                    ]  33.61MB/115.2MB
2026-02-06T07:03:33.119Z  INFO 7046 --- [utReader-stderr] o.s.boot.docker.compose.core.DockerCli   :  f7652ec73b05 Downloading [======>                                            ]     720B/5.838kB
2026-02-06T07:03:33.120Z  INFO 7046 --- [utReader-stderr] o.s.boot.docker.compose.core.DockerCli   :  f7652ec73b05 Downloading [==================================================>]  5.838kB/5.838kB
2026-02-06T07:03:33.120Z  INFO 7046 --- [utReader-stderr] o.s.boot.docker.compose.core.DockerCli   :  f7652ec73b05 Verifying Checksum 
2026-02-06T07:03:33.120Z  INFO 7046 --- [utReader-stderr] o.s.boot.docker.compose.core.DockerCli   :  f7652ec73b05 Download complete 
2026-02-06T07:03:33.151Z  INFO 7046 --- [utReader-stderr] o.s.boot.docker.compose.core.DockerCli   :  0c8d55a45c0d Extracting [============================================>      ]  26.21MB/29.78MB
2026-02-06T07:03:33.181Z  INFO 7046 --- [utReader-stderr] o.s.boot.docker.compose.core.DockerCli   :  6bc137f970e3 Downloading [====================>                              ]  46.97MB/115.2MB
2026-02-06T07:03:33.274Z  INFO 7046 --- [utReader-stderr] o.s.boot.docker.compose.core.DockerCli   :  9b8484f1a1e6 Downloading [==================================================>]     186B/186B
2026-02-06T07:03:33.275Z  INFO 7046 --- [utReader-stderr] o.s.boot.docker.compose.core.DockerCli   :  9b8484f1a1e6 Verifying Checksum 
2026-02-06T07:03:33.275Z  INFO 7046 --- [utReader-stderr] o.s.boot.docker.compose.core.DockerCli   :  9b8484f1a1e6 Download complete 
2026-02-06T07:03:33.282Z  INFO 7046 --- [utReader-stderr] o.s.boot.docker.compose.core.DockerCli   :  6bc137f970e3 Downloading [=========================>                         ]  57.65MB/115.2MB
2026-02-06T07:03:33.294Z  INFO 7046 --- [utReader-stderr] o.s.boot.docker.compose.core.DockerCli   :  0c8d55a45c0d Extracting [===============================================>   ]  28.51MB/29.78MB
2026-02-06T07:03:33.384Z  INFO 7046 --- [utReader-stderr] o.s.boot.docker.compose.core.DockerCli   :  6bc137f970e3 Downloading [===============================>                   ]  72.62MB/115.2MB
2026-02-06T07:03:33.404Z  INFO 7046 --- [utReader-stderr] o.s.boot.docker.compose.core.DockerCli   :  0c8d55a45c0d Extracting [================================================>  ]  28.84MB/29.78MB
2026-02-06T07:03:33.496Z  INFO 7046 --- [utReader-stderr] o.s.boot.docker.compose.core.DockerCli   :  6bc137f970e3 Downloading [======================================>            ]  89.72MB/115.2MB
2026-02-06T07:03:33.550Z  INFO 7046 --- [utReader-stderr] o.s.boot.docker.compose.core.DockerCli   :  0c8d55a45c0d Extracting [================================================>  ]  29.16MB/29.78MB
2026-02-06T07:03:33.599Z  INFO 7046 --- [utReader-stderr] o.s.boot.docker.compose.core.DockerCli   :  6bc137f970e3 Downloading [===========================================>       ]  100.4MB/115.2MB
2026-02-06T07:03:33.678Z  INFO 7046 --- [utReader-stderr] o.s.boot.docker.compose.core.DockerCli   :  0c8d55a45c0d Extracting [==================================================>]  29.78MB/29.78MB
2026-02-06T07:03:33.691Z  INFO 7046 --- [utReader-stderr] o.s.boot.docker.compose.core.DockerCli   :  6bc137f970e3 Verifying Checksum 
2026-02-06T07:03:33.692Z  INFO 7046 --- [utReader-stderr] o.s.boot.docker.compose.core.DockerCli   :  6bc137f970e3 Download complete 
2026-02-06T07:03:33.743Z  INFO 7046 --- [utReader-stderr] o.s.boot.docker.compose.core.DockerCli   :  0c8d55a45c0d Pull complete 
2026-02-06T07:03:33.746Z  INFO 7046 --- [utReader-stderr] o.s.boot.docker.compose.core.DockerCli   :  d7071d8cd1af Extracting [==================================================>]  1.175kB/1.175kB
2026-02-06T07:03:33.746Z  INFO 7046 --- [utReader-stderr] o.s.boot.docker.compose.core.DockerCli   :  d7071d8cd1af Extracting [==================================================>]  1.175kB/1.175kB
2026-02-06T07:03:33.757Z  INFO 7046 --- [utReader-stderr] o.s.boot.docker.compose.core.DockerCli   :  d7071d8cd1af Pull complete 
2026-02-06T07:03:33.760Z  INFO 7046 --- [utReader-stderr] o.s.boot.docker.compose.core.DockerCli   :  e3d994429678 Extracting [>                                                  ]  65.54kB/6.438MB
2026-02-06T07:03:33.860Z  INFO 7046 --- [utReader-stderr] o.s.boot.docker.compose.core.DockerCli   :  e3d994429678 Extracting [==============================================>    ]  5.964MB/6.438MB
2026-02-06T07:03:33.894Z  INFO 7046 --- [utReader-stderr] o.s.boot.docker.compose.core.DockerCli   :  e3d994429678 Extracting [==================================================>]  6.438MB/6.438MB
2026-02-06T07:03:33.960Z  INFO 7046 --- [utReader-stderr] o.s.boot.docker.compose.core.DockerCli   :  e3d994429678 Pull complete 
2026-02-06T07:03:33.962Z  INFO 7046 --- [utReader-stderr] o.s.boot.docker.compose.core.DockerCli   :  512b7ea3ac5d Extracting [=>                                                 ]  32.77kB/1.257MB
2026-02-06T07:03:33.987Z  INFO 7046 --- [utReader-stderr] o.s.boot.docker.compose.core.DockerCli   :  512b7ea3ac5d Extracting [==================================================>]  1.257MB/1.257MB
2026-02-06T07:03:34.000Z  INFO 7046 --- [utReader-stderr] o.s.boot.docker.compose.core.DockerCli   :  512b7ea3ac5d Pull complete 
2026-02-06T07:03:34.003Z  INFO 7046 --- [utReader-stderr] o.s.boot.docker.compose.core.DockerCli   :  c4fa1de5526b Extracting [>                                                  ]   98.3kB/8.204MB
2026-02-06T07:03:34.106Z  INFO 7046 --- [utReader-stderr] o.s.boot.docker.compose.core.DockerCli   :  c4fa1de5526b Extracting [===================>                               ]  3.244MB/8.204MB
2026-02-06T07:03:34.218Z  INFO 7046 --- [utReader-stderr] o.s.boot.docker.compose.core.DockerCli   :  c4fa1de5526b Extracting [=============================>                     ]  4.817MB/8.204MB
2026-02-06T07:03:34.324Z  INFO 7046 --- [utReader-stderr] o.s.boot.docker.compose.core.DockerCli   :  c4fa1de5526b Extracting [=====================================>             ]  6.095MB/8.204MB
2026-02-06T07:03:34.406Z  INFO 7046 --- [utReader-stderr] o.s.boot.docker.compose.core.DockerCli   :  c4fa1de5526b Extracting [==================================================>]  8.204MB/8.204MB
2026-02-06T07:03:34.435Z  INFO 7046 --- [utReader-stderr] o.s.boot.docker.compose.core.DockerCli   :  c4fa1de5526b Pull complete 
2026-02-06T07:03:34.437Z  INFO 7046 --- [utReader-stderr] o.s.boot.docker.compose.core.DockerCli   :  67efc7fd0cb7 Extracting [=>                                                 ]  32.77kB/1.312MB
2026-02-06T07:03:34.479Z  INFO 7046 --- [utReader-stderr] o.s.boot.docker.compose.core.DockerCli   :  67efc7fd0cb7 Extracting [==================================================>]  1.312MB/1.312MB
2026-02-06T07:03:34.502Z  INFO 7046 --- [utReader-stderr] o.s.boot.docker.compose.core.DockerCli   :  67efc7fd0cb7 Pull complete 
2026-02-06T07:03:34.504Z  INFO 7046 --- [utReader-stderr] o.s.boot.docker.compose.core.DockerCli   :  0b231e82c9b6 Extracting [==================================================>]     116B/116B
2026-02-06T07:03:34.504Z  INFO 7046 --- [utReader-stderr] o.s.boot.docker.compose.core.DockerCli   :  0b231e82c9b6 Extracting [==================================================>]     116B/116B
2026-02-06T07:03:34.512Z  INFO 7046 --- [utReader-stderr] o.s.boot.docker.compose.core.DockerCli   :  0b231e82c9b6 Pull complete 
2026-02-06T07:03:34.515Z  INFO 7046 --- [utReader-stderr] o.s.boot.docker.compose.core.DockerCli   :  b61b9ed964eb Extracting [==================================================>]  3.145kB/3.145kB
2026-02-06T07:03:34.515Z  INFO 7046 --- [utReader-stderr] o.s.boot.docker.compose.core.DockerCli   :  b61b9ed964eb Extracting [==================================================>]  3.145kB/3.145kB
2026-02-06T07:03:34.527Z  INFO 7046 --- [utReader-stderr] o.s.boot.docker.compose.core.DockerCli   :  b61b9ed964eb Pull complete 
2026-02-06T07:03:34.595Z  INFO 7046 --- [utReader-stderr] o.s.boot.docker.compose.core.DockerCli   :  6bc137f970e3 Extracting [>                                                  ]  557.1kB/115.2MB
2026-02-06T07:03:34.699Z  INFO 7046 --- [utReader-stderr] o.s.boot.docker.compose.core.DockerCli   :  6bc137f970e3 Extracting [==>                                                ]  6.128MB/115.2MB
2026-02-06T07:03:34.837Z  INFO 7046 --- [utReader-stderr] o.s.boot.docker.compose.core.DockerCli   :  6bc137f970e3 Extracting [====>                                              ]   9.47MB/115.2MB
2026-02-06T07:03:34.938Z  INFO 7046 --- [utReader-stderr] o.s.boot.docker.compose.core.DockerCli   :  6bc137f970e3 Extracting [=====>                                             ]   11.7MB/115.2MB
2026-02-06T07:03:35.039Z  INFO 7046 --- [utReader-stderr] o.s.boot.docker.compose.core.DockerCli   :  6bc137f970e3 Extracting [======>                                            ]  15.04MB/115.2MB
2026-02-06T07:03:35.146Z  INFO 7046 --- [utReader-stderr] o.s.boot.docker.compose.core.DockerCli   :  6bc137f970e3 Extracting [=======>                                           ]  18.38MB/115.2MB
2026-02-06T07:03:35.247Z  INFO 7046 --- [utReader-stderr] o.s.boot.docker.compose.core.DockerCli   :  6bc137f970e3 Extracting [=========>                                         ]  22.28MB/115.2MB
2026-02-06T07:03:35.353Z  INFO 7046 --- [utReader-stderr] o.s.boot.docker.compose.core.DockerCli   :  6bc137f970e3 Extracting [===========>                                       ]  26.18MB/115.2MB
2026-02-06T07:03:35.460Z  INFO 7046 --- [utReader-stderr] o.s.boot.docker.compose.core.DockerCli   :  6bc137f970e3 Extracting [==============>                                    ]  32.87MB/115.2MB
2026-02-06T07:03:35.565Z  INFO 7046 --- [utReader-stderr] o.s.boot.docker.compose.core.DockerCli   :  6bc137f970e3 Extracting [=================>                                 ]  40.67MB/115.2MB
2026-02-06T07:03:35.667Z  INFO 7046 --- [utReader-stderr] o.s.boot.docker.compose.core.DockerCli   :  6bc137f970e3 Extracting [=====================>                             ]  48.46MB/115.2MB
2026-02-06T07:03:35.780Z  INFO 7046 --- [utReader-stderr] o.s.boot.docker.compose.core.DockerCli   :  6bc137f970e3 Extracting [=======================>                           ]  55.15MB/115.2MB
2026-02-06T07:03:35.891Z  INFO 7046 --- [utReader-stderr] o.s.boot.docker.compose.core.DockerCli   :  6bc137f970e3 Extracting [=========================>                         ]  57.93MB/115.2MB
2026-02-06T07:03:35.995Z  INFO 7046 --- [utReader-stderr] o.s.boot.docker.compose.core.DockerCli   :  6bc137f970e3 Extracting [==========================>                        ]  61.83MB/115.2MB
2026-02-06T07:03:36.101Z  INFO 7046 --- [utReader-stderr] o.s.boot.docker.compose.core.DockerCli   :  6bc137f970e3 Extracting [=============================>                     ]  67.96MB/115.2MB
2026-02-06T07:03:36.206Z  INFO 7046 --- [utReader-stderr] o.s.boot.docker.compose.core.DockerCli   :  6bc137f970e3 Extracting [================================>                  ]  75.76MB/115.2MB
2026-02-06T07:03:36.308Z  INFO 7046 --- [utReader-stderr] o.s.boot.docker.compose.core.DockerCli   :  6bc137f970e3 Extracting [===================================>               ]  82.44MB/115.2MB
2026-02-06T07:03:36.410Z  INFO 7046 --- [utReader-stderr] o.s.boot.docker.compose.core.DockerCli   :  6bc137f970e3 Extracting [=======================================>           ]   90.8MB/115.2MB
2026-02-06T07:03:36.533Z  INFO 7046 --- [utReader-stderr] o.s.boot.docker.compose.core.DockerCli   :  6bc137f970e3 Extracting [==========================================>        ]  96.93MB/115.2MB
2026-02-06T07:03:36.643Z  INFO 7046 --- [utReader-stderr] o.s.boot.docker.compose.core.DockerCli   :  6bc137f970e3 Extracting [==========================================>        ]   98.6MB/115.2MB
2026-02-06T07:03:36.797Z  INFO 7046 --- [utReader-stderr] o.s.boot.docker.compose.core.DockerCli   :  6bc137f970e3 Extracting [============================================>      ]  101.9MB/115.2MB
2026-02-06T07:03:36.914Z  INFO 7046 --- [utReader-stderr] o.s.boot.docker.compose.core.DockerCli   :  6bc137f970e3 Extracting [=============================================>     ]  104.7MB/115.2MB
2026-02-06T07:03:37.015Z  INFO 7046 --- [utReader-stderr] o.s.boot.docker.compose.core.DockerCli   :  6bc137f970e3 Extracting [==============================================>    ]  107.5MB/115.2MB
2026-02-06T07:03:37.172Z  INFO 7046 --- [utReader-stderr] o.s.boot.docker.compose.core.DockerCli   :  6bc137f970e3 Extracting [===============================================>   ]  109.7MB/115.2MB
2026-02-06T07:03:37.359Z  INFO 7046 --- [utReader-stderr] o.s.boot.docker.compose.core.DockerCli   :  6bc137f970e3 Extracting [================================================>  ]  111.4MB/115.2MB
2026-02-06T07:03:37.459Z  INFO 7046 --- [utReader-stderr] o.s.boot.docker.compose.core.DockerCli   :  6bc137f970e3 Extracting [=================================================> ]  113.1MB/115.2MB
2026-02-06T07:03:37.743Z  INFO 7046 --- [utReader-stderr] o.s.boot.docker.compose.core.DockerCli   :  6bc137f970e3 Extracting [=================================================> ]  113.6MB/115.2MB
2026-02-06T07:03:37.871Z  INFO 7046 --- [utReader-stderr] o.s.boot.docker.compose.core.DockerCli   :  6bc137f970e3 Extracting [=================================================> ]  114.8MB/115.2MB
2026-02-06T07:03:37.929Z  INFO 7046 --- [utReader-stderr] o.s.boot.docker.compose.core.DockerCli   :  6bc137f970e3 Extracting [==================================================>]  115.2MB/115.2MB
2026-02-06T07:03:38.021Z  INFO 7046 --- [utReader-stderr] o.s.boot.docker.compose.core.DockerCli   :  6bc137f970e3 Pull complete 
2026-02-06T07:03:38.024Z  INFO 7046 --- [utReader-stderr] o.s.boot.docker.compose.core.DockerCli   :  46dc4e6582cd Extracting [==================================================>]  19.19kB/19.19kB
2026-02-06T07:03:38.024Z  INFO 7046 --- [utReader-stderr] o.s.boot.docker.compose.core.DockerCli   :  46dc4e6582cd Extracting [==================================================>]  19.19kB/19.19kB
2026-02-06T07:03:38.038Z  INFO 7046 --- [utReader-stderr] o.s.boot.docker.compose.core.DockerCli   :  46dc4e6582cd Pull complete 
2026-02-06T07:03:38.043Z  INFO 7046 --- [utReader-stderr] o.s.boot.docker.compose.core.DockerCli   :  b04fada31d68 Extracting [==================================================>]     127B/127B
2026-02-06T07:03:38.044Z  INFO 7046 --- [utReader-stderr] o.s.boot.docker.compose.core.DockerCli   :  b04fada31d68 Extracting [==================================================>]     127B/127B
2026-02-06T07:03:38.053Z  INFO 7046 --- [utReader-stderr] o.s.boot.docker.compose.core.DockerCli   :  b04fada31d68 Pull complete 
2026-02-06T07:03:38.056Z  INFO 7046 --- [utReader-stderr] o.s.boot.docker.compose.core.DockerCli   :  f7652ec73b05 Extracting [==================================================>]  5.838kB/5.838kB
2026-02-06T07:03:38.057Z  INFO 7046 --- [utReader-stderr] o.s.boot.docker.compose.core.DockerCli   :  f7652ec73b05 Extracting [==================================================>]  5.838kB/5.838kB
2026-02-06T07:03:38.068Z  INFO 7046 --- [utReader-stderr] o.s.boot.docker.compose.core.DockerCli   :  f7652ec73b05 Pull complete 
2026-02-06T07:03:38.069Z  INFO 7046 --- [utReader-stderr] o.s.boot.docker.compose.core.DockerCli   :  9b8484f1a1e6 Extracting [==================================================>]     186B/186B
2026-02-06T07:03:38.070Z  INFO 7046 --- [utReader-stderr] o.s.boot.docker.compose.core.DockerCli   :  9b8484f1a1e6 Extracting [==================================================>]     186B/186B
2026-02-06T07:03:38.080Z  INFO 7046 --- [utReader-stderr] o.s.boot.docker.compose.core.DockerCli   :  9b8484f1a1e6 Pull complete 
2026-02-06T07:03:38.089Z  INFO 7046 --- [utReader-stderr] o.s.boot.docker.compose.core.DockerCli   :  postgres Pulled 
2026-02-06T07:03:38.093Z  INFO 7046 --- [utReader-stderr] o.s.boot.docker.compose.core.DockerCli   :  Network spring-petclinic_default  Creating
2026-02-06T07:03:38.170Z  INFO 7046 --- [utReader-stderr] o.s.boot.docker.compose.core.DockerCli   :  Network spring-petclinic_default  Created
2026-02-06T07:03:38.171Z  INFO 7046 --- [utReader-stderr] o.s.boot.docker.compose.core.DockerCli   :  Container spring-petclinic-postgres-1  Creating
2026-02-06T07:03:38.534Z  INFO 7046 --- [utReader-stderr] o.s.boot.docker.compose.core.DockerCli   :  Container spring-petclinic-postgres-1  Created
2026-02-06T07:03:38.536Z  INFO 7046 --- [utReader-stderr] o.s.boot.docker.compose.core.DockerCli   :  Container spring-petclinic-postgres-1  Starting
2026-02-06T07:03:38.796Z  INFO 7046 --- [utReader-stderr] o.s.boot.docker.compose.core.DockerCli   :  Container spring-petclinic-postgres-1  Started
2026-02-06T07:03:38.797Z  INFO 7046 --- [utReader-stderr] o.s.boot.docker.compose.core.DockerCli   :  Container spring-petclinic-postgres-1  Waiting
2026-02-06T07:03:39.300Z  INFO 7046 --- [utReader-stderr] o.s.boot.docker.compose.core.DockerCli   :  Container spring-petclinic-postgres-1  Healthy
2026-02-06T07:03:40.851Z  INFO 7046 --- [           main] .s.d.r.c.RepositoryConfigurationDelegate : Bootstrapping Spring Data JPA repositories in DEFAULT mode.
2026-02-06T07:03:40.861Z  INFO 7046 --- [           main] .s.d.r.c.RepositoryConfigurationDelegate : Finished Spring Data repository scanning in 7 ms. Found 3 JPA repository interfaces.
2026-02-06T07:03:40.965Z  INFO 7046 --- [           main] o.s.boot.tomcat.TomcatWebServer          : Tomcat initialized with port 0 (http)
2026-02-06T07:03:40.966Z  INFO 7046 --- [           main] o.apache.catalina.core.StandardService   : Starting service [Tomcat]
2026-02-06T07:03:40.966Z  INFO 7046 --- [           main] o.apache.catalina.core.StandardEngine    : Starting Servlet engine: [Apache Tomcat/11.0.14]
2026-02-06T07:03:40.979Z  INFO 7046 --- [           main] b.w.c.s.WebApplicationContextInitializer : Root WebApplicationContext: initialization completed in 301 ms
2026-02-06T07:03:41.030Z  INFO 7046 --- [           main] com.zaxxer.hikari.HikariDataSource       : HikariPool-3 - Starting...
2026-02-06T07:03:41.200Z  INFO 7046 --- [           main] com.zaxxer.hikari.pool.HikariPool        : HikariPool-3 - Added connection org.postgresql.jdbc.PgConnection@e1bf6ae
2026-02-06T07:03:41.200Z  INFO 7046 --- [           main] com.zaxxer.hikari.HikariDataSource       : HikariPool-3 - Start completed.
2026-02-06T07:03:41.293Z  INFO 7046 --- [           main] o.hibernate.jpa.internal.util.LogHelper  : HHH000204: Processing PersistenceUnitInfo [name: default]
2026-02-06T07:03:41.319Z  INFO 7046 --- [           main] o.s.o.j.p.SpringPersistenceUnitInfo      : No LoadTimeWeaver setup: ignoring JPA class transformer
2026-02-06T07:03:41.342Z  INFO 7046 --- [           main] org.hibernate.orm.connections.pooling    : HHH10001005: Database info:
	Database JDBC URL [jdbc:postgresql://127.0.0.1:5432/petclinic]
	Database driver: PostgreSQL JDBC Driver
	Database dialect: PostgreSQLDialect
	Database version: 18.1
	Default catalog/schema: petclinic/public
	Autocommit mode: undefined/unknown
	Isolation level: READ_COMMITTED [default READ_COMMITTED]
	JDBC fetch size: none
	Pool: DatasourceConnectionProviderImpl
	Minimum pool size: undefined/unknown
	Maximum pool size: undefined/unknown
2026-02-06T07:03:41.457Z  INFO 7046 --- [           main] o.h.e.t.j.p.i.JtaPlatformInitiator       : HHH000489: No JTA platform available (set 'hibernate.transaction.jta.platform' to enable JTA platform integration)
2026-02-06T07:03:41.457Z  INFO 7046 --- [           main] j.LocalContainerEntityManagerFactoryBean : Initialized JPA EntityManagerFactory for persistence unit 'default'
2026-02-06T07:03:41.664Z  INFO 7046 --- [           main] o.s.b.a.e.web.EndpointLinksResolver      : Exposing 13 endpoints beneath base path '/actuator'
2026-02-06T07:03:41.685Z  INFO 7046 --- [           main] o.s.boot.tomcat.TomcatWebServer          : Tomcat started on port 43445 (http) with context path '/'
2026-02-06T07:03:41.688Z  INFO 7046 --- [           main] o.s.s.p.PostgresIntegrationTests         : Started PostgresIntegrationTests in 11.949 seconds (process running for 62.496)
2026-02-06T07:03:41.732Z  INFO 7046 --- [o-auto-2-exec-1] o.a.c.c.C.[Tomcat-1].[localhost].[/]     : Initializing Spring DispatcherServlet 'dispatcherServlet'
2026-02-06T07:03:41.732Z  INFO 7046 --- [o-auto-2-exec-1] o.s.web.servlet.DispatcherServlet        : Initializing Servlet 'dispatcherServlet'
2026-02-06T07:03:41.734Z  INFO 7046 --- [o-auto-2-exec-1] o.s.web.servlet.DispatcherServlet        : Completed initialization in 1 ms
[INFO] Tests run: 2, Failures: 0, Errors: 0, Skipped: 0, Time elapsed: 12.08 s -- in org.springframework.samples.petclinic.PostgresIntegrationTests
[INFO] Running org.springframework.samples.petclinic.system.CrashControllerTests
[INFO] Tests run: 1, Failures: 0, Errors: 0, Skipped: 0, Time elapsed: 0.005 s -- in org.springframework.samples.petclinic.system.CrashControllerTests
[INFO] Running org.springframework.samples.petclinic.system.CrashControllerIntegrationTests
2026-02-06T07:03:41.820Z  INFO 7046 --- [           main] o.s.b.d.r.RestartApplicationListener     : Restart disabled due to context in which it is running


              |\      _,,,--,,_
             /,`.-'`'   ._  \-;;,_
  _______ __|,4-  ) )_   .;.(__`'-'__     ___ __    _ ___ _______
 |       | '---''(_/._)-'(_\_)   |   |   |   |  |  | |   |       |
 |    _  |    ___|_     _|       |   |   |   |   |_| |   |       | __ _ _
 |   |_| |   |___  |   | |       |   |   |   |       |   |       | \ \ \ \
 |    ___|    ___| |   | |      _|   |___|   |  _    |   |      _|  \ \ \ \
 |   |   |   |___  |   | |     |_|       |   | | |   |   |     |_    ) ) ) )
 |___|   |_______| |___| |_______|_______|___|_|  |__|___|_______|  / / / /
 ==================================================================/_/_/_/

:: Built with Spring Boot :: 4.0.0


2026-02-06T07:03:41.836Z  INFO 7046 --- [           main] .s.s.p.s.CrashControllerIntegrationTests : Starting CrashControllerIntegrationTests using Java 21.0.10 with PID 7046 (started by ubuntu in /home/ubuntu/repos/spring-petclinic)
2026-02-06T07:03:41.837Z  INFO 7046 --- [           main] .s.s.p.s.CrashControllerIntegrationTests : No active profile set, falling back to 1 default profile: "default"
2026-02-06T07:03:42.022Z  INFO 7046 --- [           main] o.s.boot.tomcat.TomcatWebServer          : Tomcat initialized with port 0 (http)
2026-02-06T07:03:42.023Z  INFO 7046 --- [           main] o.apache.catalina.core.StandardService   : Starting service [Tomcat]
2026-02-06T07:03:42.023Z  INFO 7046 --- [           main] o.apache.catalina.core.StandardEngine    : Starting Servlet engine: [Apache Tomcat/11.0.14]
2026-02-06T07:03:42.034Z  INFO 7046 --- [           main] b.w.c.s.WebApplicationContextInitializer : Root WebApplicationContext: initialization completed in 195 ms
2026-02-06T07:03:42.158Z  INFO 7046 --- [           main] o.s.b.a.e.web.EndpointLinksResolver      : Exposing 0 endpoints beneath base path '/actuator'
2026-02-06T07:03:42.170Z  INFO 7046 --- [           main] o.s.boot.tomcat.TomcatWebServer          : Tomcat started on port 33259 (http) with context path '/'
2026-02-06T07:03:42.174Z  INFO 7046 --- [           main] .s.s.p.s.CrashControllerIntegrationTests : Started CrashControllerIntegrationTests in 0.354 seconds (process running for 62.981)
2026-02-06T07:03:42.185Z  INFO 7046 --- [o-auto-3-exec-1] o.a.c.c.C.[Tomcat-2].[localhost].[/]     : Initializing Spring DispatcherServlet 'dispatcherServlet'
2026-02-06T07:03:42.185Z  INFO 7046 --- [o-auto-3-exec-1] o.s.web.servlet.DispatcherServlet        : Initializing Servlet 'dispatcherServlet'
2026-02-06T07:03:42.186Z  INFO 7046 --- [o-auto-3-exec-1] o.s.web.servlet.DispatcherServlet        : Completed initialization in 1 ms
2026-02-06T07:03:42.193Z ERROR 7046 --- [o-auto-3-exec-1] o.a.c.c.C.[.[.[/].[dispatcherServlet]    : Servlet.service() for servlet [dispatcherServlet] in context with path [] threw exception [Request processing failed: java.lang.RuntimeException: Expected: controller used to showcase what happens when an exception is thrown] with root cause

java.lang.RuntimeException: Expected: controller used to showcase what happens when an exception is thrown
	at org.springframework.samples.petclinic.system.CrashController.triggerException(CrashController.java:33) ~[classes/:na]
	at java.base/jdk.internal.reflect.DirectMethodHandleAccessor.invoke(DirectMethodHandleAccessor.java:103) ~[na:na]
	at java.base/java.lang.reflect.Method.invoke(Method.java:580) ~[na:na]
	at org.springframework.web.method.support.InvocableHandlerMethod.doInvoke(InvocableHandlerMethod.java:258) ~[spring-web-7.0.1.jar:7.0.1]
	at org.springframework.web.method.support.InvocableHandlerMethod.invokeForRequest(InvocableHandlerMethod.java:190) ~[spring-web-7.0.1.jar:7.0.1]
	at org.springframework.web.servlet.mvc.method.annotation.ServletInvocableHandlerMethod.invokeAndHandle(ServletInvocableHandlerMethod.java:117) ~[spring-webmvc-7.0.1.jar:7.0.1]
	at org.springframework.web.servlet.mvc.method.annotation.RequestMappingHandlerAdapter.invokeHandlerMethod(RequestMappingHandlerAdapter.java:934) ~[spring-webmvc-7.0.1.jar:7.0.1]
	at org.springframework.web.servlet.mvc.method.annotation.RequestMappingHandlerAdapter.handleInternal(RequestMappingHandlerAdapter.java:853) ~[spring-webmvc-7.0.1.jar:7.0.1]
	at org.springframework.web.servlet.mvc.method.AbstractHandlerMethodAdapter.handle(AbstractHandlerMethodAdapter.java:86) ~[spring-webmvc-7.0.1.jar:7.0.1]
	at org.springframework.web.servlet.DispatcherServlet.doDispatch(DispatcherServlet.java:963) ~[spring-webmvc-7.0.1.jar:7.0.1]
	at org.springframework.web.servlet.DispatcherServlet.doService(DispatcherServlet.java:866) ~[spring-webmvc-7.0.1.jar:7.0.1]
	at org.springframework.web.servlet.FrameworkServlet.processRequest(FrameworkServlet.java:1003) ~[spring-webmvc-7.0.1.jar:7.0.1]
	at org.springframework.web.servlet.FrameworkServlet.doGet(FrameworkServlet.java:892) ~[spring-webmvc-7.0.1.jar:7.0.1]
	at jakarta.servlet.http.HttpServlet.service(HttpServlet.java:622) ~[tomcat-embed-core-11.0.14.jar:6.1]
	at org.springframework.web.servlet.FrameworkServlet.service(FrameworkServlet.java:874) ~[spring-webmvc-7.0.1.jar:7.0.1]
	at jakarta.servlet.http.HttpServlet.service(HttpServlet.java:710) ~[tomcat-embed-core-11.0.14.jar:6.1]
	at org.apache.catalina.core.ApplicationFilterChain.doFilter(ApplicationFilterChain.java:128) ~[tomcat-embed-core-11.0.14.jar:11.0.14]
	at org.apache.tomcat.websocket.server.WsFilter.doFilter(WsFilter.java:53) ~[tomcat-embed-websocket-11.0.14.jar:11.0.14]
	at org.apache.catalina.core.ApplicationFilterChain.doFilter(ApplicationFilterChain.java:107) ~[tomcat-embed-core-11.0.14.jar:11.0.14]
	at org.springframework.web.servlet.resource.ResourceUrlEncodingFilter.doFilter(ResourceUrlEncodingFilter.java:66) ~[spring-webmvc-7.0.1.jar:7.0.1]
	at org.apache.catalina.core.ApplicationFilterChain.doFilter(ApplicationFilterChain.java:107) ~[tomcat-embed-core-11.0.14.jar:11.0.14]
	at org.springframework.web.filter.RequestContextFilter.doFilterInternal(RequestContextFilter.java:100) ~[spring-web-7.0.1.jar:7.0.1]
	at org.springframework.web.filter.OncePerRequestFilter.doFilter(OncePerRequestFilter.java:116) ~[spring-web-7.0.1.jar:7.0.1]
	at org.apache.catalina.core.ApplicationFilterChain.doFilter(ApplicationFilterChain.java:107) ~[tomcat-embed-core-11.0.14.jar:11.0.14]
	at org.springframework.web.filter.FormContentFilter.doFilterInternal(FormContentFilter.java:93) ~[spring-web-7.0.1.jar:7.0.1]
	at org.springframework.web.filter.OncePerRequestFilter.doFilter(OncePerRequestFilter.java:116) ~[spring-web-7.0.1.jar:7.0.1]
	at org.apache.catalina.core.ApplicationFilterChain.doFilter(ApplicationFilterChain.java:107) ~[tomcat-embed-core-11.0.14.jar:11.0.14]
	at org.springframework.web.filter.ServerHttpObservationFilter.doFilterInternal(ServerHttpObservationFilter.java:110) ~[spring-web-7.0.1.jar:7.0.1]
	at org.springframework.web.filter.OncePerRequestFilter.doFilter(OncePerRequestFilter.java:116) ~[spring-web-7.0.1.jar:7.0.1]
	at org.apache.catalina.core.ApplicationFilterChain.doFilter(ApplicationFilterChain.java:107) ~[tomcat-embed-core-11.0.14.jar:11.0.14]
	at org.springframework.web.filter.CharacterEncodingFilter.doFilterInternal(CharacterEncodingFilter.java:199) ~[spring-web-7.0.1.jar:7.0.1]
	at org.springframework.web.filter.OncePerRequestFilter.doFilter(OncePerRequestFilter.java:116) ~[spring-web-7.0.1.jar:7.0.1]
	at org.apache.catalina.core.ApplicationFilterChain.doFilter(ApplicationFilterChain.java:107) ~[tomcat-embed-core-11.0.14.jar:11.0.14]
	at org.apache.catalina.core.StandardWrapperValve.invoke(StandardWrapperValve.java:165) ~[tomcat-embed-core-11.0.14.jar:11.0.14]
	at org.apache.catalina.core.StandardContextValve.invoke(StandardContextValve.java:77) ~[tomcat-embed-core-11.0.14.jar:11.0.14]
	at org.apache.catalina.authenticator.AuthenticatorBase.invoke(AuthenticatorBase.java:482) ~[tomcat-embed-core-11.0.14.jar:11.0.14]
	at org.apache.catalina.core.StandardHostValve.invoke(StandardHostValve.java:113) ~[tomcat-embed-core-11.0.14.jar:11.0.14]
	at org.apache.catalina.valves.ErrorReportValve.invoke(ErrorReportValve.java:83) ~[tomcat-embed-core-11.0.14.jar:11.0.14]
	at org.apache.catalina.core.StandardEngineValve.invoke(StandardEngineValve.java:72) ~[tomcat-embed-core-11.0.14.jar:11.0.14]
	at org.apache.catalina.connector.CoyoteAdapter.service(CoyoteAdapter.java:341) ~[tomcat-embed-core-11.0.14.jar:11.0.14]
	at org.apache.coyote.http11.Http11Processor.service(Http11Processor.java:397) ~[tomcat-embed-core-11.0.14.jar:11.0.14]
	at org.apache.coyote.AbstractProcessorLight.process(AbstractProcessorLight.java:63) ~[tomcat-embed-core-11.0.14.jar:11.0.14]
	at org.apache.coyote.AbstractProtocol$ConnectionHandler.process(AbstractProtocol.java:903) ~[tomcat-embed-core-11.0.14.jar:11.0.14]
	at org.apache.tomcat.util.net.NioEndpoint$SocketProcessor.doRun(NioEndpoint.java:1778) ~[tomcat-embed-core-11.0.14.jar:11.0.14]
	at org.apache.tomcat.util.net.SocketProcessorBase.run(SocketProcessorBase.java:52) ~[tomcat-embed-core-11.0.14.jar:11.0.14]
	at org.apache.tomcat.util.threads.ThreadPoolExecutor.runWorker(ThreadPoolExecutor.java:946) ~[tomcat-embed-core-11.0.14.jar:11.0.14]
	at org.apache.tomcat.util.threads.ThreadPoolExecutor$Worker.run(ThreadPoolExecutor.java:480) ~[tomcat-embed-core-11.0.14.jar:11.0.14]
	at org.apache.tomcat.util.threads.TaskThread$WrappingRunnable.run(TaskThread.java:57) ~[tomcat-embed-core-11.0.14.jar:11.0.14]
	at java.base/java.lang.Thread.run(Thread.java:1583) ~[na:na]

2026-02-06T07:03:42.292Z ERROR 7046 --- [o-auto-3-exec-2] o.a.c.c.C.[.[.[/].[dispatcherServlet]    : Servlet.service() for servlet [dispatcherServlet] in context with path [] threw exception [Request processing failed: java.lang.RuntimeException: Expected: controller used to showcase what happens when an exception is thrown] with root cause

java.lang.RuntimeException: Expected: controller used to showcase what happens when an exception is thrown
	at org.springframework.samples.petclinic.system.CrashController.triggerException(CrashController.java:33) ~[classes/:na]
	at java.base/jdk.internal.reflect.DirectMethodHandleAccessor.invoke(DirectMethodHandleAccessor.java:103) ~[na:na]
	at java.base/java.lang.reflect.Method.invoke(Method.java:580) ~[na:na]
	at org.springframework.web.method.support.InvocableHandlerMethod.doInvoke(InvocableHandlerMethod.java:258) ~[spring-web-7.0.1.jar:7.0.1]
	at org.springframework.web.method.support.InvocableHandlerMethod.invokeForRequest(InvocableHandlerMethod.java:190) ~[spring-web-7.0.1.jar:7.0.1]
	at org.springframework.web.servlet.mvc.method.annotation.ServletInvocableHandlerMethod.invokeAndHandle(ServletInvocableHandlerMethod.java:117) ~[spring-webmvc-7.0.1.jar:7.0.1]
	at org.springframework.web.servlet.mvc.method.annotation.RequestMappingHandlerAdapter.invokeHandlerMethod(RequestMappingHandlerAdapter.java:934) ~[spring-webmvc-7.0.1.jar:7.0.1]
	at org.springframework.web.servlet.mvc.method.annotation.RequestMappingHandlerAdapter.handleInternal(RequestMappingHandlerAdapter.java:853) ~[spring-webmvc-7.0.1.jar:7.0.1]
	at org.springframework.web.servlet.mvc.method.AbstractHandlerMethodAdapter.handle(AbstractHandlerMethodAdapter.java:86) ~[spring-webmvc-7.0.1.jar:7.0.1]
	at org.springframework.web.servlet.DispatcherServlet.doDispatch(DispatcherServlet.java:963) ~[spring-webmvc-7.0.1.jar:7.0.1]
	at org.springframework.web.servlet.DispatcherServlet.doService(DispatcherServlet.java:866) ~[spring-webmvc-7.0.1.jar:7.0.1]
	at org.springframework.web.servlet.FrameworkServlet.processRequest(FrameworkServlet.java:1003) ~[spring-webmvc-7.0.1.jar:7.0.1]
	at org.springframework.web.servlet.FrameworkServlet.doGet(FrameworkServlet.java:892) ~[spring-webmvc-7.0.1.jar:7.0.1]
	at jakarta.servlet.http.HttpServlet.service(HttpServlet.java:622) ~[tomcat-embed-core-11.0.14.jar:6.1]
	at org.springframework.web.servlet.FrameworkServlet.service(FrameworkServlet.java:874) ~[spring-webmvc-7.0.1.jar:7.0.1]
	at jakarta.servlet.http.HttpServlet.service(HttpServlet.java:710) ~[tomcat-embed-core-11.0.14.jar:6.1]
	at org.apache.catalina.core.ApplicationFilterChain.doFilter(ApplicationFilterChain.java:128) ~[tomcat-embed-core-11.0.14.jar:11.0.14]
	at org.apache.tomcat.websocket.server.WsFilter.doFilter(WsFilter.java:53) ~[tomcat-embed-websocket-11.0.14.jar:11.0.14]
	at org.apache.catalina.core.ApplicationFilterChain.doFilter(ApplicationFilterChain.java:107) ~[tomcat-embed-core-11.0.14.jar:11.0.14]
	at org.springframework.web.servlet.resource.ResourceUrlEncodingFilter.doFilter(ResourceUrlEncodingFilter.java:66) ~[spring-webmvc-7.0.1.jar:7.0.1]
	at org.apache.catalina.core.ApplicationFilterChain.doFilter(ApplicationFilterChain.java:107) ~[tomcat-embed-core-11.0.14.jar:11.0.14]
	at org.springframework.web.filter.RequestContextFilter.doFilterInternal(RequestContextFilter.java:100) ~[spring-web-7.0.1.jar:7.0.1]
	at org.springframework.web.filter.OncePerRequestFilter.doFilter(OncePerRequestFilter.java:116) ~[spring-web-7.0.1.jar:7.0.1]
	at org.apache.catalina.core.ApplicationFilterChain.doFilter(ApplicationFilterChain.java:107) ~[tomcat-embed-core-11.0.14.jar:11.0.14]
	at org.springframework.web.filter.FormContentFilter.doFilterInternal(FormContentFilter.java:93) ~[spring-web-7.0.1.jar:7.0.1]
	at org.springframework.web.filter.OncePerRequestFilter.doFilter(OncePerRequestFilter.java:116) ~[spring-web-7.0.1.jar:7.0.1]
	at org.apache.catalina.core.ApplicationFilterChain.doFilter(ApplicationFilterChain.java:107) ~[tomcat-embed-core-11.0.14.jar:11.0.14]
	at org.springframework.web.filter.ServerHttpObservationFilter.doFilterInternal(ServerHttpObservationFilter.java:110) ~[spring-web-7.0.1.jar:7.0.1]
	at org.springframework.web.filter.OncePerRequestFilter.doFilter(OncePerRequestFilter.java:116) ~[spring-web-7.0.1.jar:7.0.1]
	at org.apache.catalina.core.ApplicationFilterChain.doFilter(ApplicationFilterChain.java:107) ~[tomcat-embed-core-11.0.14.jar:11.0.14]
	at org.springframework.web.filter.CharacterEncodingFilter.doFilterInternal(CharacterEncodingFilter.java:199) ~[spring-web-7.0.1.jar:7.0.1]
	at org.springframework.web.filter.OncePerRequestFilter.doFilter(OncePerRequestFilter.java:116) ~[spring-web-7.0.1.jar:7.0.1]
	at org.apache.catalina.core.ApplicationFilterChain.doFilter(ApplicationFilterChain.java:107) ~[tomcat-embed-core-11.0.14.jar:11.0.14]
	at org.apache.catalina.core.StandardWrapperValve.invoke(StandardWrapperValve.java:165) ~[tomcat-embed-core-11.0.14.jar:11.0.14]
	at org.apache.catalina.core.StandardContextValve.invoke(StandardContextValve.java:77) ~[tomcat-embed-core-11.0.14.jar:11.0.14]
	at org.apache.catalina.authenticator.AuthenticatorBase.invoke(AuthenticatorBase.java:482) ~[tomcat-embed-core-11.0.14.jar:11.0.14]
	at org.apache.catalina.core.StandardHostValve.invoke(StandardHostValve.java:113) ~[tomcat-embed-core-11.0.14.jar:11.0.14]
	at org.apache.catalina.valves.ErrorReportValve.invoke(ErrorReportValve.java:83) ~[tomcat-embed-core-11.0.14.jar:11.0.14]
	at org.apache.catalina.core.StandardEngineValve.invoke(StandardEngineValve.java:72) ~[tomcat-embed-core-11.0.14.jar:11.0.14]
	at org.apache.catalina.connector.CoyoteAdapter.service(CoyoteAdapter.java:341) ~[tomcat-embed-core-11.0.14.jar:11.0.14]
	at org.apache.coyote.http11.Http11Processor.service(Http11Processor.java:397) ~[tomcat-embed-core-11.0.14.jar:11.0.14]
	at org.apache.coyote.AbstractProcessorLight.process(AbstractProcessorLight.java:63) ~[tomcat-embed-core-11.0.14.jar:11.0.14]
	at org.apache.coyote.AbstractProtocol$ConnectionHandler.process(AbstractProtocol.java:903) ~[tomcat-embed-core-11.0.14.jar:11.0.14]
	at org.apache.tomcat.util.net.NioEndpoint$SocketProcessor.doRun(NioEndpoint.java:1778) ~[tomcat-embed-core-11.0.14.jar:11.0.14]
	at org.apache.tomcat.util.net.SocketProcessorBase.run(SocketProcessorBase.java:52) ~[tomcat-embed-core-11.0.14.jar:11.0.14]
	at org.apache.tomcat.util.threads.ThreadPoolExecutor.runWorker(ThreadPoolExecutor.java:946) ~[tomcat-embed-core-11.0.14.jar:11.0.14]
	at org.apache.tomcat.util.threads.ThreadPoolExecutor$Worker.run(ThreadPoolExecutor.java:480) ~[tomcat-embed-core-11.0.14.jar:11.0.14]
	at org.apache.tomcat.util.threads.TaskThread$WrappingRunnable.run(TaskThread.java:57) ~[tomcat-embed-core-11.0.14.jar:11.0.14]
	at java.base/java.lang.Thread.run(Thread.java:1583) ~[na:na]

[INFO] Tests run: 2, Failures: 0, Errors: 0, Skipped: 0, Time elapsed: 0.540 s -- in org.springframework.samples.petclinic.system.CrashControllerIntegrationTests
[INFO] Running org.springframework.samples.petclinic.system.I18nPropertiesSyncTest
[INFO] Tests run: 2, Failures: 0, Errors: 0, Skipped: 0, Time elapsed: 0.022 s -- in org.springframework.samples.petclinic.system.I18nPropertiesSyncTest
[INFO] Running org.springframework.samples.petclinic.owner.PetTypeFormatterTests
[INFO] Tests run: 3, Failures: 0, Errors: 0, Skipped: 0, Time elapsed: 0.631 s -- in org.springframework.samples.petclinic.owner.PetTypeFormatterTests
[INFO] Running org.springframework.samples.petclinic.owner.OwnerControllerTests
2026-02-06T07:03:43.061Z  INFO 7046 --- [           main] t.c.s.AnnotationConfigContextLoaderUtils : Could not detect default configuration classes for test class [org.springframework.samples.petclinic.owner.OwnerControllerTests]: OwnerControllerTests does not declare any static, non-private, non-final, nested classes annotated with @Configuration.
2026-02-06T07:03:43.138Z  INFO 7046 --- [           main] .b.t.c.SpringBootTestContextBootstrapper : Found @SpringBootConfiguration org.springframework.samples.petclinic.PetClinicApplication for test class org.springframework.samples.petclinic.owner.OwnerControllerTests
2026-02-06T07:03:43.162Z  INFO 7046 --- [           main] o.s.b.d.r.RestartApplicationListener     : Restart disabled due to context in which it is running


              |\      _,,,--,,_
             /,`.-'`'   ._  \-;;,_
  _______ __|,4-  ) )_   .;.(__`'-'__     ___ __    _ ___ _______
 |       | '---''(_/._)-'(_\_)   |   |   |   |  |  | |   |       |
 |    _  |    ___|_     _|       |   |   |   |   |_| |   |       | __ _ _
 |   |_| |   |___  |   | |       |   |   |   |       |   |       | \ \ \ \
 |    ___|    ___| |   | |      _|   |___|   |  _    |   |      _|  \ \ \ \
 |   |   |   |___  |   | |     |_|       |   | | |   |   |     |_    ) ) ) )
 |___|   |_______| |___| |_______|_______|___|_|  |__|___|_______|  / / / /
 ==================================================================/_/_/_/

:: Built with Spring Boot :: 4.0.0


2026-02-06T07:03:43.245Z  INFO 7046 --- [           main] o.s.s.p.owner.OwnerControllerTests       : Starting OwnerControllerTests using Java 21.0.10 with PID 7046 (started by ubuntu in /home/ubuntu/repos/spring-petclinic)
2026-02-06T07:03:43.246Z  INFO 7046 --- [           main] o.s.s.p.owner.OwnerControllerTests       : No active profile set, falling back to 1 default profile: "default"
2026-02-06T07:03:43.813Z  INFO 7046 --- [           main] o.s.b.t.m.w.SpringBootMockServletContext : Initializing Spring TestDispatcherServlet ''
2026-02-06T07:03:43.814Z  INFO 7046 --- [           main] o.s.t.web.servlet.TestDispatcherServlet  : Initializing Servlet ''
2026-02-06T07:03:43.815Z  INFO 7046 --- [           main] o.s.t.web.servlet.TestDispatcherServlet  : Completed initialization in 1 ms
2026-02-06T07:03:43.843Z  INFO 7046 --- [           main] o.s.s.p.owner.OwnerControllerTests       : Started OwnerControllerTests in 0.681 seconds (process running for 64.65)
[INFO] Tests run: 13, Failures: 0, Errors: 0, Skipped: 0, Time elapsed: 1.301 s -- in org.springframework.samples.petclinic.owner.OwnerControllerTests
[INFO] Running org.springframework.samples.petclinic.owner.PetValidatorTests
[INFO] Running org.springframework.samples.petclinic.owner.PetValidatorTests$ValidateHasErrors
[INFO] Tests run: 4, Failures: 0, Errors: 0, Skipped: 0, Time elapsed: 0.007 s -- in org.springframework.samples.petclinic.owner.PetValidatorTests$ValidateHasErrors
[INFO] Tests run: 0, Failures: 0, Errors: 0, Skipped: 0, Time elapsed: 0.013 s -- in org.springframework.samples.petclinic.owner.PetValidatorTests
[INFO] Running org.springframework.samples.petclinic.owner.VisitControllerTests
2026-02-06T07:03:44.362Z  INFO 7046 --- [           main] t.c.s.AnnotationConfigContextLoaderUtils : Could not detect default configuration classes for test class [org.springframework.samples.petclinic.owner.VisitControllerTests]: VisitControllerTests does not declare any static, non-private, non-final, nested classes annotated with @Configuration.
2026-02-06T07:03:44.372Z  INFO 7046 --- [           main] .b.t.c.SpringBootTestContextBootstrapper : Found @SpringBootConfiguration org.springframework.samples.petclinic.PetClinicApplication for test class org.springframework.samples.petclinic.owner.VisitControllerTests
2026-02-06T07:03:44.378Z  INFO 7046 --- [           main] o.s.b.d.r.RestartApplicationListener     : Restart disabled due to context in which it is running


              |\      _,,,--,,_
             /,`.-'`'   ._  \-;;,_
  _______ __|,4-  ) )_   .;.(__`'-'__     ___ __    _ ___ _______
 |       | '---''(_/._)-'(_\_)   |   |   |   |  |  | |   |       |
 |    _  |    ___|_     _|       |   |   |   |   |_| |   |       | __ _ _
 |   |_| |   |___  |   | |       |   |   |   |       |   |       | \ \ \ \
 |    ___|    ___| |   | |      _|   |___|   |  _    |   |      _|  \ \ \ \
 |   |   |   |___  |   | |     |_|       |   | | |   |   |     |_    ) ) ) )
 |___|   |_______| |___| |_______|_______|___|_|  |__|___|_______|  / / / /
 ==================================================================/_/_/_/

:: Built with Spring Boot :: 4.0.0


2026-02-06T07:03:44.407Z  INFO 7046 --- [           main] o.s.s.p.owner.VisitControllerTests       : Starting VisitControllerTests using Java 21.0.10 with PID 7046 (started by ubuntu in /home/ubuntu/repos/spring-petclinic)
2026-02-06T07:03:44.407Z  INFO 7046 --- [           main] o.s.s.p.owner.VisitControllerTests       : No active profile set, falling back to 1 default profile: "default"
2026-02-06T07:03:44.591Z  INFO 7046 --- [           main] o.s.b.t.m.w.SpringBootMockServletContext : Initializing Spring TestDispatcherServlet ''
2026-02-06T07:03:44.591Z  INFO 7046 --- [           main] o.s.t.web.servlet.TestDispatcherServlet  : Initializing Servlet ''
2026-02-06T07:03:44.592Z  INFO 7046 --- [           main] o.s.t.web.servlet.TestDispatcherServlet  : Completed initialization in 1 ms
2026-02-06T07:03:44.599Z  INFO 7046 --- [           main] o.s.s.p.owner.VisitControllerTests       : Started VisitControllerTests in 0.222 seconds (process running for 65.407)
[INFO] Tests run: 3, Failures: 0, Errors: 0, Skipped: 0, Time elapsed: 0.337 s -- in org.springframework.samples.petclinic.owner.VisitControllerTests
[INFO] Running org.springframework.samples.petclinic.owner.PetControllerTests
2026-02-06T07:03:44.701Z  INFO 7046 --- [           main] t.c.s.AnnotationConfigContextLoaderUtils : Could not detect default configuration classes for test class [org.springframework.samples.petclinic.owner.PetControllerTests]: PetControllerTests does not declare any static, non-private, non-final, nested classes annotated with @Configuration.
2026-02-06T07:03:44.708Z  INFO 7046 --- [           main] .b.t.c.SpringBootTestContextBootstrapper : Found @SpringBootConfiguration org.springframework.samples.petclinic.PetClinicApplication for test class org.springframework.samples.petclinic.owner.PetControllerTests
2026-02-06T07:03:44.713Z  INFO 7046 --- [           main] o.s.b.d.r.RestartApplicationListener     : Restart disabled due to context in which it is running


              |\      _,,,--,,_
             /,`.-'`'   ._  \-;;,_
  _______ __|,4-  ) )_   .;.(__`'-'__     ___ __    _ ___ _______
 |       | '---''(_/._)-'(_\_)   |   |   |   |  |  | |   |       |
 |    _  |    ___|_     _|       |   |   |   |   |_| |   |       | __ _ _
 |   |_| |   |___  |   | |       |   |   |   |       |   |       | \ \ \ \
 |    ___|    ___| |   | |      _|   |___|   |  _    |   |      _|  \ \ \ \
 |   |   |   |___  |   | |     |_|       |   | | |   |   |     |_    ) ) ) )
 |___|   |_______| |___| |_______|_______|___|_|  |__|___|_______|  / / / /
 ==================================================================/_/_/_/

:: Built with Spring Boot :: 4.0.0


2026-02-06T07:03:44.732Z  INFO 7046 --- [           main] o.s.s.p.owner.PetControllerTests         : Starting PetControllerTests using Java 21.0.10 with PID 7046 (started by ubuntu in /home/ubuntu/repos/spring-petclinic)
2026-02-06T07:03:44.732Z  INFO 7046 --- [           main] o.s.s.p.owner.PetControllerTests         : No active profile set, falling back to 1 default profile: "default"
2026-02-06T07:03:44.901Z  INFO 7046 --- [           main] o.s.b.t.m.w.SpringBootMockServletContext : Initializing Spring TestDispatcherServlet ''
2026-02-06T07:03:44.902Z  INFO 7046 --- [           main] o.s.t.web.servlet.TestDispatcherServlet  : Initializing Servlet ''
2026-02-06T07:03:44.902Z  INFO 7046 --- [           main] o.s.t.web.servlet.TestDispatcherServlet  : Completed initialization in 0 ms
2026-02-06T07:03:44.909Z  INFO 7046 --- [           main] o.s.s.p.owner.PetControllerTests         : Started PetControllerTests in 0.197 seconds (process running for 65.717)
[INFO] Running org.springframework.samples.petclinic.owner.PetControllerTests$ProcessUpdateFormHasErrors
2026-02-06T07:03:44.995Z  INFO 7046 --- [           main] t.c.s.AnnotationConfigContextLoaderUtils : Could not detect default configuration classes for test class [org.springframework.samples.petclinic.owner.PetControllerTests$ProcessUpdateFormHasErrors]: ProcessUpdateFormHasErrors does not declare any static, non-private, non-final, nested classes annotated with @Configuration.
2026-02-06T07:03:45.002Z  INFO 7046 --- [           main] .b.t.c.SpringBootTestContextBootstrapper : Found @SpringBootConfiguration org.springframework.samples.petclinic.PetClinicApplication for test class org.springframework.samples.petclinic.owner.PetControllerTests$ProcessUpdateFormHasErrors
[INFO] Tests run: 5, Failures: 0, Errors: 0, Skipped: 0, Time elapsed: 0.103 s -- in org.springframework.samples.petclinic.owner.PetControllerTests$ProcessUpdateFormHasErrors
[INFO] Running org.springframework.samples.petclinic.owner.PetControllerTests$ProcessCreationFormHasErrors
2026-02-06T07:03:45.098Z  INFO 7046 --- [           main] t.c.s.AnnotationConfigContextLoaderUtils : Could not detect default configuration classes for test class [org.springframework.samples.petclinic.owner.PetControllerTests$ProcessCreationFormHasErrors]: ProcessCreationFormHasErrors does not declare any static, non-private, non-final, nested classes annotated with @Configuration.
2026-02-06T07:03:45.105Z  INFO 7046 --- [           main] .b.t.c.SpringBootTestContextBootstrapper : Found @SpringBootConfiguration org.springframework.samples.petclinic.PetClinicApplication for test class org.springframework.samples.petclinic.owner.PetControllerTests$ProcessCreationFormHasErrors
[INFO] Tests run: 5, Failures: 0, Errors: 0, Skipped: 0, Time elapsed: 0.198 s -- in org.springframework.samples.petclinic.owner.PetControllerTests$ProcessCreationFormHasErrors
[INFO] Tests run: 0, Failures: 0, Errors: 0, Skipped: 0, Time elapsed: 0.600 s -- in org.springframework.samples.petclinic.owner.PetControllerTests
[INFO] Running org.springframework.samples.petclinic.vet.VetControllerTests
2026-02-06T07:03:45.303Z  INFO 7046 --- [           main] t.c.s.AnnotationConfigContextLoaderUtils : Could not detect default configuration classes for test class [org.springframework.samples.petclinic.vet.VetControllerTests]: VetControllerTests does not declare any static, non-private, non-final, nested classes annotated with @Configuration.
2026-02-06T07:03:45.316Z  INFO 7046 --- [           main] .b.t.c.SpringBootTestContextBootstrapper : Found @SpringBootConfiguration org.springframework.samples.petclinic.PetClinicApplication for test class org.springframework.samples.petclinic.vet.VetControllerTests
2026-02-06T07:03:45.321Z  INFO 7046 --- [           main] o.s.b.d.r.RestartApplicationListener     : Restart disabled due to context in which it is running


              |\      _,,,--,,_
             /,`.-'`'   ._  \-;;,_
  _______ __|,4-  ) )_   .;.(__`'-'__     ___ __    _ ___ _______
 |       | '---''(_/._)-'(_\_)   |   |   |   |  |  | |   |       |
 |    _  |    ___|_     _|       |   |   |   |   |_| |   |       | __ _ _
 |   |_| |   |___  |   | |       |   |   |   |       |   |       | \ \ \ \
 |    ___|    ___| |   | |      _|   |___|   |  _    |   |      _|  \ \ \ \
 |   |   |   |___  |   | |     |_|       |   | | |   |   |     |_    ) ) ) )
 |___|   |_______| |___| |_______|_______|___|_|  |__|___|_______|  / / / /
 ==================================================================/_/_/_/

:: Built with Spring Boot :: 4.0.0


2026-02-06T07:03:45.346Z  INFO 7046 --- [           main] o.s.s.petclinic.vet.VetControllerTests   : Starting VetControllerTests using Java 21.0.10 with PID 7046 (started by ubuntu in /home/ubuntu/repos/spring-petclinic)
2026-02-06T07:03:45.346Z  INFO 7046 --- [           main] o.s.s.petclinic.vet.VetControllerTests   : No active profile set, falling back to 1 default profile: "default"
2026-02-06T07:03:45.586Z  INFO 7046 --- [           main] o.s.b.t.m.w.SpringBootMockServletContext : Initializing Spring TestDispatcherServlet ''
2026-02-06T07:03:45.587Z  INFO 7046 --- [           main] o.s.t.web.servlet.TestDispatcherServlet  : Initializing Servlet ''
2026-02-06T07:03:45.587Z  INFO 7046 --- [           main] o.s.t.web.servlet.TestDispatcherServlet  : Completed initialization in 0 ms
2026-02-06T07:03:45.593Z  INFO 7046 --- [           main] o.s.s.petclinic.vet.VetControllerTests   : Started VetControllerTests in 0.272 seconds (process running for 66.401)
[INFO] Tests run: 2, Failures: 0, Errors: 0, Skipped: 0, Time elapsed: 0.419 s -- in org.springframework.samples.petclinic.vet.VetControllerTests
[INFO] Running org.springframework.samples.petclinic.vet.VetTests
[INFO] Tests run: 1, Failures: 0, Errors: 0, Skipped: 0, Time elapsed: 0.020 s -- in org.springframework.samples.petclinic.vet.VetTests
[INFO] Running org.springframework.samples.petclinic.PetClinicIntegrationTests
2026-02-06T07:03:45.744Z  INFO 7046 --- [           main] t.c.s.AnnotationConfigContextLoaderUtils : Could not detect default configuration classes for test class [org.springframework.samples.petclinic.PetClinicIntegrationTests]: PetClinicIntegrationTests does not declare any static, non-private, non-final, nested classes annotated with @Configuration.
2026-02-06T07:03:45.746Z  INFO 7046 --- [           main] .b.t.c.SpringBootTestContextBootstrapper : Found @SpringBootConfiguration org.springframework.samples.petclinic.PetClinicApplication for test class org.springframework.samples.petclinic.PetClinicIntegrationTests
2026-02-06T07:03:45.750Z  INFO 7046 --- [           main] o.s.b.d.r.RestartApplicationListener     : Restart disabled due to context in which it is running


              |\      _,,,--,,_
             /,`.-'`'   ._  \-;;,_
  _______ __|,4-  ) )_   .;.(__`'-'__     ___ __    _ ___ _______
 |       | '---''(_/._)-'(_\_)   |   |   |   |  |  | |   |       |
 |    _  |    ___|_     _|       |   |   |   |   |_| |   |       | __ _ _
 |   |_| |   |___  |   | |       |   |   |   |       |   |       | \ \ \ \
 |    ___|    ___| |   | |      _|   |___|   |  _    |   |      _|  \ \ \ \
 |   |   |   |___  |   | |     |_|       |   | | |   |   |     |_    ) ) ) )
 |___|   |_______| |___| |_______|_______|___|_|  |__|___|_______|  / / / /
 ==================================================================/_/_/_/

:: Built with Spring Boot :: 4.0.0


2026-02-06T07:03:45.767Z  INFO 7046 --- [           main] o.s.s.p.PetClinicIntegrationTests        : Starting PetClinicIntegrationTests using Java 21.0.10 with PID 7046 (started by ubuntu in /home/ubuntu/repos/spring-petclinic)
2026-02-06T07:03:45.768Z  INFO 7046 --- [           main] o.s.s.p.PetClinicIntegrationTests        : No active profile set, falling back to 1 default profile: "default"
2026-02-06T07:03:45.949Z  INFO 7046 --- [           main] .s.d.r.c.RepositoryConfigurationDelegate : Bootstrapping Spring Data JPA repositories in DEFAULT mode.
2026-02-06T07:03:45.958Z  INFO 7046 --- [           main] .s.d.r.c.RepositoryConfigurationDelegate : Finished Spring Data repository scanning in 7 ms. Found 3 JPA repository interfaces.
2026-02-06T07:03:46.073Z  INFO 7046 --- [           main] o.s.boot.tomcat.TomcatWebServer          : Tomcat initialized with port 0 (http)
2026-02-06T07:03:46.075Z  INFO 7046 --- [           main] o.apache.catalina.core.StandardService   : Starting service [Tomcat]
2026-02-06T07:03:46.075Z  INFO 7046 --- [           main] o.apache.catalina.core.StandardEngine    : Starting Servlet engine: [Apache Tomcat/11.0.14]
2026-02-06T07:03:46.096Z  INFO 7046 --- [           main] b.w.c.s.WebApplicationContextInitializer : Root WebApplicationContext: initialization completed in 325 ms
2026-02-06T07:03:46.166Z  INFO 7046 --- [           main] com.zaxxer.hikari.HikariDataSource       : HikariPool-4 - Starting...
2026-02-06T07:03:46.170Z  INFO 7046 --- [           main] com.zaxxer.hikari.pool.HikariPool        : HikariPool-4 - Added connection conn10: url=jdbc:h2:mem:eef161ac-f156-4a1d-a84d-3cf5ba30f747 user=SA
2026-02-06T07:03:46.171Z  INFO 7046 --- [           main] com.zaxxer.hikari.HikariDataSource       : HikariPool-4 - Start completed.
2026-02-06T07:03:46.238Z  INFO 7046 --- [           main] o.hibernate.jpa.internal.util.LogHelper  : HHH000204: Processing PersistenceUnitInfo [name: default]
2026-02-06T07:03:46.272Z  INFO 7046 --- [           main] o.s.o.j.p.SpringPersistenceUnitInfo      : No LoadTimeWeaver setup: ignoring JPA class transformer
2026-02-06T07:03:46.274Z  INFO 7046 --- [           main] org.hibernate.orm.connections.pooling    : HHH10001005: Database info:
	Database JDBC URL [jdbc:h2:mem:eef161ac-f156-4a1d-a84d-3cf5ba30f747]
	Database driver: H2 JDBC Driver
	Database dialect: H2Dialect
	Database version: 2.4.240
	Default catalog/schema: EEF161AC-F156-4A1D-A84D-3CF5BA30F747/PUBLIC
	Autocommit mode: undefined/unknown
	Isolation level: READ_COMMITTED [default READ_COMMITTED]
	JDBC fetch size: 100
	Pool: DatasourceConnectionProviderImpl
	Minimum pool size: undefined/unknown
	Maximum pool size: undefined/unknown
2026-02-06T07:03:46.360Z  INFO 7046 --- [           main] o.h.e.t.j.p.i.JtaPlatformInitiator       : HHH000489: No JTA platform available (set 'hibernate.transaction.jta.platform' to enable JTA platform integration)
2026-02-06T07:03:46.360Z  INFO 7046 --- [           main] j.LocalContainerEntityManagerFactoryBean : Initialized JPA EntityManagerFactory for persistence unit 'default'
2026-02-06T07:03:46.683Z  INFO 7046 --- [           main] o.s.b.a.e.web.EndpointLinksResolver      : Exposing 13 endpoints beneath base path '/actuator'
2026-02-06T07:03:46.706Z  INFO 7046 --- [           main] o.s.boot.tomcat.TomcatWebServer          : Tomcat started on port 45101 (http) with context path '/'
2026-02-06T07:03:46.709Z  INFO 7046 --- [           main] o.s.s.p.PetClinicIntegrationTests        : Started PetClinicIntegrationTests in 0.958 seconds (process running for 67.516)
2026-02-06T07:03:46.743Z  INFO 7046 --- [o-auto-4-exec-1] o.a.c.c.C.[Tomcat-3].[localhost].[/]     : Initializing Spring DispatcherServlet 'dispatcherServlet'
2026-02-06T07:03:46.744Z  INFO 7046 --- [o-auto-4-exec-1] o.s.web.servlet.DispatcherServlet        : Initializing Servlet 'dispatcherServlet'
2026-02-06T07:03:46.746Z  INFO 7046 --- [o-auto-4-exec-1] o.s.web.servlet.DispatcherServlet        : Completed initialization in 2 ms
[INFO] Tests run: 2, Failures: 0, Errors: 0, Skipped: 0, Time elapsed: 1.058 s -- in org.springframework.samples.petclinic.PetClinicIntegrationTests
[INFO] Running org.springframework.samples.petclinic.model.ValidatorTests
[INFO] Tests run: 1, Failures: 0, Errors: 0, Skipped: 0, Time elapsed: 0.008 s -- in org.springframework.samples.petclinic.model.ValidatorTests
[INFO] 
[INFO] Results:
[INFO] 
[INFO] Tests run: 58, Failures: 0, Errors: 0, Skipped: 0
[INFO] 
[INFO] ------------------------------------------------------------------------
[INFO] BUILD SUCCESS
[INFO] ------------------------------------------------------------------------
[INFO] Total time:  01:15 min
[INFO] Finished at: 2026-02-06T07:03:48Z
[INFO] ------------------------------------------------------------------------
